
================================================================================

Memory Map of the image

  Image Entry point : 0x00000000

  Load Region ROM_LOAD (Base: 0x00000000, Size: 0x0004aeb0, Max: 0x00800000, ABSOLUTE)

    Execution Region ROM1 (Base: 0x00000000, Size: 0x000483ac, Max: 0x00800000, ABSOLUTE)

    Base Addr    Size         Type   Attr  Idx  E Section Name        Object

    0x00000000   0x000002c8   Code   RO  1224   * StartUp             startup.o
    0x000002c8   0x00000130   Code   RO     1     .text               arm.o
    0x000003f8   0x00000760   Code   RO   109     .text               drv_l1_adc.o
    0x00000b58   0x0000055c   Code   RO   215     .text               drv_l1_cache.o
    0x000010b4   0x000015e8   Code   RO   271     .text               drv_l1_dma.o
    0x0000269c   0x000001f4   Code   RO   324     .text               drv_l1_ext_int.o
    0x00002890   0x000003d4   Code   RO   353     .text               drv_l1_gpio.o
    0x00002c64   0x0000016c   Code   RO   396     .text               drv_l1_init.o
    0x00002dd0   0x00000368   Code   RO   441     .text               drv_l1_interrupt.o
    0x00003138   0x00000288   Code   RO   494     .text               drv_l1_mic.o
    0x000033c0   0x000013d0   Code   RO   542     .text               drv_l1_rtc.o
    0x00004790   0x00000634   Code   RO   619     .text               drv_l1_spi.o
    0x00004dc4   0x0000023c   Code   RO   676     .text               drv_l1_sw_timer.o
    0x00005000   0x00000024   Code   RO   709     .text               drv_l1_sw_timer_isr.o
    0x00005024   0x00000158   Code   RO   723     .text               drv_l1_system.o
    0x0000517c   0x00000fec   Code   RO   946     .text               drv_l1_timer.o
    0x00006168   0x000006d8   Code   RO  1036     .text               drv_l1_uart.o
    0x00006840   0x00000068   Code   RO  1131     .text               drv_l1_watchdog.o
    0x000068a8   0x000002c0   Code   RO  1168     .text               gp_stdlib.o
    0x00006b68   0x00000150   Code   RO  1204     .text               main.o
    0x00006cb8   0x000005d4   Code   RO  1231     .text               system_timer.o
    0x0000728c   0x00000004   Code   RO  1264     .text               driver_l2_init.o
    0x00007290   0x000005d8   Code   RO  1331     .text               gplib_mm_gplus.o
    0x00007868   0x000005ac   Code   RO  1354     .text               gplib_calendar.o
    0x00007e14   0x00000010   Code   RO  1395     .text               gplib_init.o
    0x00007e24   0x000000a4   Code   RO  1407     .text               gplib_print_string.o
    0x00007ec8   0x00000b3c   Code   RO  1435     .text               nvram.o
    0x00008a04   0x00000164   Code   RO  1500     .text               task_state_handling.o
    0x00008b68   0x0000053c   Code   RO  1529     .text               task_peripheral_handling.o
    0x000090a4   0x000003b4   Code   RO  1567     .text               msg_manager.o
    0x00009458   0x000004a0   Code   RO  1609     .text               video_codec_callback.o
    0x000098f8   0x00000760   Code   RO  1659     .text               video_encoder.o
    0x0000a058   0x000005a8   Code   RO  1722     .text               state_usb.o
    0x0000a600   0x000000e0   Code   RO  1788     .text               state_startup.o
    0x0000a6e0   0x00000018   Code   RO  1815     .text               ap_startup.o
    0x0000a6f8   0x00000964   Code   RO  1833     .text               ap_video_preview.o
    0x0000b05c   0x00000834   Code   RO  1876     .text               state_video_preview.o
    0x0000b890   0x0000189c   Code   RO  1903     .text               ap_peripheral_handling.o
    0x0000d12c   0x000022bc   Code   RO  2003     .text               ap_storage_service.o
    0x0000f3e8   0x0000024c   Code   RO  2071     .text               task_storage_service.o
    0x0000f634   0x0000070c   Code   RO  2091     .text               ap_state_handling.o
    0x0000fd40   0x00000bc0   Code   RO  2173     .text               ap_video_record.o
    0x00010900   0x00000d20   Code   RO  2228     .text               state_video_record.o
    0x00011620   0x000004f0   Code   RO  2350     .text               drv_l1_sensor.o
    0x00011b10   0x000004ec   Code   RO  2417     .text               ap_display.o
    0x00011ffc   0x00000af0   Code   RO  2586     .text               ap_state_config.o
    0x00012aec   0x00000f84   Code   RO  2849     .text               ap_state_resource.o
    0x00013a70   0x00000030   Code   RO  2978     .text               drv_l1_dac.o
    0x00013aa0   0x000009b0   Code   RO  3115     .text               ap_usb.o
    0x00014450   0x00001f48   Code   RO  3322     .text               my_video_codec_callback.o
    0x00016398   0x00000398   Code   RO  3517     .text               drv_l2_sensor.o
    0x00016730   0x00002a68   Code   RO  3540     .text               drv_l1_cdsp.o
    0x00019198   0x0000058c   Code   RO  4135     .text               drv_l1_front.o
[...]
    0x000033e0   0x00000028   Dbug   RW   334     .debug_pubnames     drv_l1_ext_int.o
    0x00003408   0x00000028   Dbug   RW   337     .debug_pubnames     drv_l1_ext_int.o
    0x00003430   0x0000002c   Dbug   RW   340     .debug_pubnames     drv_l1_ext_int.o
    0x0000345c   0x00000048   Dbug   RW   343     .debug_pubnames     drv_l1_ext_int.o
    0x000034a4   0x000000a0   Dbug   RW   347     .debug_pubnames     drv_l1_ext_int.o
    0x00003544   0x00000028   Dbug   RW   356     .debug_pubnames     drv_l1_gpio.o
    0x0000356c   0x0000002c   Dbug   RW   359     .debug_pubnames     drv_l1_gpio.o
    0x00003598   0x00000020   Dbug   RW   362     .debug_pubnames     drv_l1_gpio.o
    0x000035b8   0x00000024   Dbug   RW   365     .debug_pubnames     drv_l1_gpio.o
    0x000035dc   0x00000024   Dbug   RW   368     .debug_pubnames     drv_l1_gpio.o
    0x00003600   0x00000024   Dbug   RW   371     .debug_pubnames     drv_l1_gpio.o
    0x00003624   0x00000030   Dbug   RW   374     .debug_pubnames     drv_l1_gpio.o
    0x00003654   0x00000024   Dbug   RW   377     .debug_pubnames     drv_l1_gpio.o
    0x00003678   0x00000028   Dbug   RW   380     .debug_pubnames     drv_l1_gpio.o
    0x000036a0   0x00000104   Dbug   RW   386     .debug_pubnames     drv_l1_gpio.o
    0x000037a4   0x00000024   Dbug   RW   402     .debug_pubnames     drv_l1_init.o
    0x000037c8   0x0000015c   Dbug   RW   410     .debug_pubnames     drv_l1_init.o
    0x00003924   0x00000258   Dbug   RW   417     .debug_pubnames     drv_l1_init.o
    0x00003b7c   0x000007b8   Dbug   RW   421     .debug_pubnames     drv_l1_init.o
    0x00004334   0x00000344   Dbug   RW   431     .debug_pubnames     drv_l1_init.o
    0x00004678   0x000001a0   Dbug   RW   435     .debug_pubnames     drv_l1_init.o
    0x00004818   0x000000dc   Dbug   RW   439     .debug_pubnames     drv_l1_init.o
    0x000048f4   0x0000002c   Dbug   RW   445     .debug_pubnames     drv_l1_interrupt.o
    0x00004920   0x00000030   Dbug   RW   448     .debug_pubnames     drv_l1_interrupt.o
    0x00004950   0x00000028   Dbug   RW   451     .debug_pubnames     drv_l1_interrupt.o
    0x00004978   0x0000002c   Dbug   RW   454     .debug_pubnames     drv_l1_interrupt.o
    0x000049a4   0x00000028   Dbug   RW   457     .debug_pubnames     drv_l1_interrupt.o
    0x000049cc   0x00000028   Dbug   RW   460     .debug_pubnames     drv_l1_interrupt.o
    0x000049f4   0x00000028   Dbug   RW   463     .debug_pubnames     drv_l1_interrupt.o
    0x00004a1c   0x0000002c   Dbug   RW   466     .debug_pubnames     drv_l1_interrupt.o
    0x00004a48   0x00000028   Dbug   RW   469     .debug_pubnames     drv_l1_interrupt.o
    0x00004a70   0x00000028   Dbug   RW   472     .debug_pubnames     drv_l1_interrupt.o
    0x00004a98   0x00000028   Dbug   RW   475     .debug_pubnames     drv_l1_interrupt.o
    0x00004ac0   0x00000028   Dbug   RW   478     .debug_pubnames     drv_l1_interrupt.o
    0x00004ae8   0x00000020   Dbug   RW   481     .debug_pubnames     drv_l1_interrupt.o
    0x00004b08   0x0000002c   Dbug   RW   484     .debug_pubnames     drv_l1_interrupt.o
    0x00004b34   0x00000120   Dbug   RW   488     .debug_pubnames     drv_l1_interrupt.o
    0x00004c54   0x00000020   Dbug   RW   498     .debug_pubnames     drv_l1_mic.o
    0x00004c74   0x00000028   Dbug   RW   501     .debug_pubnames     drv_l1_mic.o
    0x00004c9c   0x0000002c   Dbug   RW   504     .debug_pubnames     drv_l1_mic.o
    0x00004cc8   0x00000028   Dbug   RW   507     .debug_pubnames     drv_l1_mic.o
    0x00004cf0   0x0000002c   Dbug   RW   510     .debug_pubnames     drv_l1_mic.o
    0x00004d1c   0x0000002c   Dbug   RW   513     .debug_pubnames     drv_l1_mic.o
    0x00004d48   0x0000002c   Dbug   RW   516     .debug_pubnames     drv_l1_mic.o
    0x00004d74   0x00000028   Dbug   RW   519     .debug_pubnames     drv_l1_mic.o
    0x00004d9c   0x0000002c   Dbug   RW   522     .debug_pubnames     drv_l1_mic.o
    0x00004dc8   0x0000002c   Dbug   RW   525     .debug_pubnames     drv_l1_mic.o
    0x00004df4   0x0000002c   Dbug   RW   528     .debug_pubnames     drv_l1_mic.o
    0x00004e20   0x00000028   Dbug   RW   531     .debug_pubnames     drv_l1_mic.o
    0x00004e48   0x0000011c   Dbug   RW   537     .debug_pubnames     drv_l1_mic.o
    0x00004f64   0x0000002c   Dbug   RW   541     .debug_pubnames     drv_l1_mic.o
    0x00004f90   0x00000024   Dbug   RW   546     .debug_pubnames     drv_l1_rtc.o
    0x00004fb4   0x00000024   Dbug   RW   549     .debug_pubnames     drv_l1_rtc.o
    0x00004fd8   0x0000002c   Dbug   RW   552     .debug_pubnames     drv_l1_rtc.o
    0x00005004   0x0000002c   Dbug   RW   555     .debug_pubnames     drv_l1_rtc.o
    0x00005030   0x00000020   Dbug   RW   558     .debug_pubnames     drv_l1_rtc.o
    0x00005050   0x00000024   Dbug   RW   561     .debug_pubnames     drv_l1_rtc.o
    0x00005074   0x00000024   Dbug   RW   564     .debug_pubnames     drv_l1_rtc.o
    0x00005098   0x00000024   Dbug   RW   567     .debug_pubnames     drv_l1_rtc.o
    0x000050bc   0x00000024   Dbug   RW   570     .debug_pubnames     drv_l1_rtc.o
    0x000050e0   0x00000024   Dbug   RW   573     .debug_pubnames     drv_l1_rtc.o
    0x00005104   0x00000024   Dbug   RW   576     .debug_pubnames     drv_l1_rtc.o
    0x00005128   0x0000002c   Dbug   RW   579     .debug_pubnames     drv_l1_rtc.o
    0x00005154   0x0000002c   Dbug   RW   582     .debug_pubnames     drv_l1_rtc.o
    0x00005180   0x00000028   Dbug   RW   585     .debug_pubnames     drv_l1_rtc.o
    0x000051a8   0x0000002c   Dbug   RW   588     .debug_pubnames     drv_l1_rtc.o
    0x000051d4   0x0000002c   Dbug   RW   591     .debug_pubnames     drv_l1_rtc.o
    0x00005200   0x0000002c   Dbug   RW   594     .debug_pubnames     drv_l1_rtc.o
    0x0000522c   0x0000002c   Dbug   RW   597     .debug_pubnames     drv_l1_rtc.o
    0x00005258   0x0000002c   Dbug   RW   600     .debug_pubnames     drv_l1_rtc.o
    0x00005284   0x00000030   Dbug   RW   603     .debug_pubnames     drv_l1_rtc.o
    0x000052b4   0x00000030   Dbug   RW   606     .debug_pubnames     drv_l1_rtc.o
    0x000052e4   0x00000034   Dbug   RW   609     .debug_pubnames     drv_l1_rtc.o
    0x00005318   0x00000278   Dbug   RW   613     .debug_pubnames     drv_l1_rtc.o
    0x00005590   0x00000024   Dbug   RW   623     .debug_pubnames     drv_l1_spi.o
    0x000055b4   0x00000024   Dbug   RW   626     .debug_pubnames     drv_l1_spi.o
    0x000055d8   0x00000028   Dbug   RW   629     .debug_pubnames     drv_l1_spi.o
    0x00005600   0x0000002c   Dbug   RW   632     .debug_pubnames     drv_l1_spi.o
    0x0000562c   0x00000024   Dbug   RW   635     .debug_pubnames     drv_l1_spi.o
    0x00005650   0x00000020   Dbug   RW   638     .debug_pubnames     drv_l1_spi.o
    0x00005670   0x00000024   Dbug   RW   641     .debug_pubnames     drv_l1_spi.o
    0x00005694   0x00000028   Dbug   RW   644     .debug_pubnames     drv_l1_spi.o
    0x000056bc   0x00000028   Dbug   RW   647     .debug_pubnames     drv_l1_spi.o
    0x000056e4   0x00000028   Dbug   RW   650     .debug_pubnames     drv_l1_spi.o
    0x0000570c   0x00000030   Dbug   RW   653     .debug_pubnames     drv_l1_spi.o
    0x0000573c   0x00000030   Dbug   RW   656     .debug_pubnames     drv_l1_spi.o
    0x0000576c   0x00000024   Dbug   RW   659     .debug_pubnames     drv_l1_spi.o
    0x00005790   0x0000002c   Dbug   RW   662     .debug_pubnames     drv_l1_spi.o
    0x000057bc   0x00000040   Dbug   RW   665     .debug_pubnames     drv_l1_spi.o
    0x000057fc   0x00000144   Dbug   RW   669     .debug_pubnames     drv_l1_spi.o
    0x00005940   0x00000094   Dbug   RW   674     .debug_pubnames     drv_l1_spi.o
    0x000059d4   0x00000024   Dbug   RW   680     .debug_pubnames     drv_l1_sw_timer.o
    0x000059f8   0x0000002c   Dbug   RW   683     .debug_pubnames     drv_l1_sw_timer.o
    0x00005a24   0x00000030   Dbug   RW   686     .debug_pubnames     drv_l1_sw_timer.o
    0x00005a54   0x00000028   Dbug   RW   689     .debug_pubnames     drv_l1_sw_timer.o
    0x00005a7c   0x00000028   Dbug   RW   692     .debug_pubnames     drv_l1_sw_timer.o
    0x00005aa4   0x00000028   Dbug   RW   695     .debug_pubnames     drv_l1_sw_timer.o
    0x00005acc   0x0000002c   Dbug   RW   698     .debug_pubnames     drv_l1_sw_timer.o
    0x00005af8   0x000000b0   Dbug   RW   702     .debug_pubnames     drv_l1_sw_timer.o
    0x00005ba8   0x00000024   Dbug   RW   713     .debug_pubnames     drv_l1_sw_timer_isr.o
    0x00005bcc   0x00000024   Dbug   RW   719     .debug_pubnames     drv_l1_sw_timer_isr.o
    0x00005bf0   0x00000054   Dbug   RW   722     .debug_pubnames     drv_l1_sw_timer_isr.o
    0x00005c44   0x0000002c   Dbug   RW   750     .debug_pubnames     drv_l1_system.o
    0x00005c70   0x00000028   Dbug   RW   753     .debug_pubnames     drv_l1_system.o
    0x00005c98   0x00000028   Dbug   RW   756     .debug_pubnames     drv_l1_system.o
    0x00005cc0   0x00000030   Dbug   RW   759     .debug_pubnames     drv_l1_system.o
    0x00005cf0   0x00000030   Dbug   RW   762     .debug_pubnames     drv_l1_system.o
    0x00005d20   0x00000030   Dbug   RW   765     .debug_pubnames     drv_l1_system.o
    0x00005d50   0x00000024   Dbug   RW   768     .debug_pubnames     drv_l1_system.o
    0x00005d74   0x00000030   Dbug   RW   771     .debug_pubnames     drv_l1_system.o
    0x00005da4   0x0000002c   Dbug   RW   774     .debug_pubnames     drv_l1_system.o
    0x00005dd0   0x00000028   Dbug   RW   777     .debug_pubnames     drv_l1_system.o
    0x00005df8   0x00000024   Dbug   RW   780     .debug_pubnames     drv_l1_system.o
    0x00005e1c   0x00000030   Dbug   RW   792     .debug_pubnames     drv_l1_system.o
    0x00005e4c   0x00000028   Dbug   RW   798     .debug_pubnames     drv_l1_system.o
    0x00005e74   0x00000028   Dbug   RW   804     .debug_pubnames     drv_l1_system.o
    0x00005e9c   0x00000028   Dbug   RW   807     .debug_pubnames     drv_l1_system.o
    0x00005ec4   0x0000002c   Dbug   RW   810     .debug_pubnames     drv_l1_system.o
    0x00005ef0   0x0000002c   Dbug   RW   813     .debug_pubnames     drv_l1_system.o
    0x00005f1c   0x0000008c   Dbug   RW   816     .debug_pubnames     drv_l1_system.o
    0x00005fa8   0x0000002c   Dbug   RW   821     .debug_pubnames     drv_l1_system.o
    0x00005fd4   0x00000028   Dbug   RW   826     .debug_pubnames     drv_l1_system.o
    0x00005ffc   0x00000024   Dbug   RW   831     .debug_pubnames     drv_l1_system.o
    0x00006020   0x00000030   Dbug   RW   836     .debug_pubnames     drv_l1_system.o
    0x00006050   0x0000002c   Dbug   RW   840     .debug_pubnames     drv_l1_system.o
    0x0000607c   0x00000028   Dbug   RW   845     .debug_pubnames     drv_l1_system.o
    0x000060a4   0x00000024   Dbug   RW   850     .debug_pubnames     drv_l1_system.o
    0x000060c8   0x00000030   Dbug   RW   869     .debug_pubnames     drv_l1_system.o
    0x000060f8   0x00000028   Dbug   RW   879     .debug_pubnames     drv_l1_system.o
    0x00006120   0x00000028   Dbug   RW   889     .debug_pubnames     drv_l1_system.o
    0x00006148   0x00000028   Dbug   RW   894     .debug_pubnames     drv_l1_system.o
    0x00006170   0x0000002c   Dbug   RW   899     .debug_pubnames     drv_l1_system.o
    0x0000619c   0x00000098   Dbug   RW   904     .debug_pubnames     drv_l1_system.o
    0x00006234   0x0000002c   Dbug   RW   908     .debug_pubnames     drv_l1_system.o
    0x00006260   0x00001314   Dbug   RW   912     .debug_pubnames     drv_l1_system.o
    0x00007574   0x0000458c   Dbug   RW   924     .debug_pubnames     drv_l1_system.o
    0x0000bb00   0x000014d4   Dbug   RW   928     .debug_pubnames     drv_l1_system.o
    0x0000cfd4   0x0000002c   Dbug   RW   936     .debug_pubnames     drv_l1_system.o
    0x0000d000   0x000000bc   Dbug   RW   940     .debug_pubnames     drv_l1_system.o
    0x0000d0bc   0x0000011c   Dbug   RW   944     .debug_pubnames     drv_l1_system.o
    0x0000d1d8   0x00000024   Dbug   RW   950     .debug_pubnames     drv_l1_timer.o
    0x0000d1fc   0x00000024   Dbug   RW   953     .debug_pubnames     drv_l1_timer.o
    0x0000d220   0x00000028   Dbug   RW   956     .debug_pubnames     drv_l1_timer.o
    0x0000d248   0x00000028   Dbug   RW   959     .debug_pubnames     drv_l1_timer.o
    0x0000d270   0x00000028   Dbug   RW   962     .debug_pubnames     drv_l1_timer.o
    0x0000d298   0x00000028   Dbug   RW   965     .debug_pubnames     drv_l1_timer.o
    0x0000d2c0   0x00000028   Dbug   RW   968     .debug_pubnames     drv_l1_timer.o
    0x0000d2e8   0x00000028   Dbug   RW   971     .debug_pubnames     drv_l1_timer.o
    0x0000d310   0x0000002c   Dbug   RW   974     .debug_pubnames     drv_l1_timer.o
    0x0000d33c   0x0000002c   Dbug   RW   977     .debug_pubnames     drv_l1_timer.o
    0x0000d368   0x0000002c   Dbug   RW   980     .debug_pubnames     drv_l1_timer.o
    0x0000d394   0x00000030   Dbug   RW   983     .debug_pubnames     drv_l1_timer.o
    0x0000d3c4   0x00000028   Dbug   RW   986     .debug_pubnames     drv_l1_timer.o
    0x0000d3ec   0x00000028   Dbug   RW   989     .debug_pubnames     drv_l1_timer.o
    0x0000d414   0x00000024   Dbug   RW   992     .debug_pubnames     drv_l1_timer.o
    0x0000d438   0x00000028   Dbug   RW   995     .debug_pubnames     drv_l1_timer.o
    0x0000d460   0x00000024   Dbug   RW   998     .debug_pubnames     drv_l1_timer.o
    0x0000d484   0x0000002c   Dbug   RW  1001     .debug_pubnames     drv_l1_timer.o
    0x0000d4b0   0x00000028   Dbug   RW  1004     .debug_pubnames     drv_l1_timer.o
    0x0000d4d8   0x0000002c   Dbug   RW  1007     .debug_pubnames     drv_l1_timer.o
    0x0000d504   0x00000030   Dbug   RW  1010     .debug_pubnames     drv_l1_timer.o
    0x0000d534   0x00000028   Dbug   RW  1013     .debug_pubnames     drv_l1_timer.o
    0x0000d55c   0x00000028   Dbug   RW  1016     .debug_pubnames     drv_l1_timer.o
    0x0000d584   0x00000028   Dbug   RW  1019     .debug_pubnames     drv_l1_timer.o
    0x0000d5ac   0x00000024   Dbug   RW  1022     .debug_pubnames     drv_l1_timer.o
    0x0000d5d0   0x00000130   Dbug   RW  1025     .debug_pubnames     drv_l1_timer.o
    0x0000d700   0x00000320   Dbug   RW  1029     .debug_pubnames     drv_l1_timer.o
    0x0000da20   0x00000024   Dbug   RW  1040     .debug_pubnames     drv_l1_uart.o
    0x0000da44   0x00000028   Dbug   RW  1043     .debug_pubnames     drv_l1_uart.o
    0x0000da6c   0x00000028   Dbug   RW  1046     .debug_pubnames     drv_l1_uart.o
    0x0000da94   0x00000024   Dbug   RW  1049     .debug_pubnames     drv_l1_uart.o
    0x0000dab8   0x00000024   Dbug   RW  1052     .debug_pubnames     drv_l1_uart.o
    0x0000dadc   0x00000028   Dbug   RW  1055     .debug_pubnames     drv_l1_uart.o
    0x0000db04   0x0000002c   Dbug   RW  1058     .debug_pubnames     drv_l1_uart.o
    0x0000db30   0x0000002c   Dbug   RW  1061     .debug_pubnames     drv_l1_uart.o
    0x0000db5c   0x0000002c   Dbug   RW  1064     .debug_pubnames     drv_l1_uart.o
    0x0000db88   0x00000028   Dbug   RW  1067     .debug_pubnames     drv_l1_uart.o
    0x0000dbb0   0x00000028   Dbug   RW  1070     .debug_pubnames     drv_l1_uart.o
    0x0000dbd8   0x00000020   Dbug   RW  1073     .debug_pubnames     drv_l1_uart.o
    0x0000dbf8   0x00000028   Dbug   RW  1076     .debug_pubnames     drv_l1_uart.o
    0x0000dc20   0x00000028   Dbug   RW  1079     .debug_pubnames     drv_l1_uart.o
    0x0000dc48   0x00000028   Dbug   RW  1082     .debug_pubnames     drv_l1_uart.o
    0x0000dc70   0x00000028   Dbug   RW  1085     .debug_pubnames     drv_l1_uart.o
    0x0000dc98   0x00000024   Dbug   RW  1088     .debug_pubnames     drv_l1_uart.o
    0x0000dcbc   0x00000028   Dbug   RW  1091     .debug_pubnames     drv_l1_uart.o
    0x0000dce4   0x00000028   Dbug   RW  1094     .debug_pubnames     drv_l1_uart.o
    0x0000dd0c   0x00000028   Dbug   RW  1097     .debug_pubnames     drv_l1_uart.o
    0x0000dd34   0x00000024   Dbug   RW  1100     .debug_pubnames     drv_l1_uart.o
    0x0000dd58   0x00000028   Dbug   RW  1103     .debug_pubnames     drv_l1_uart.o
    0x0000dd80   0x00000030   Dbug   RW  1106     .debug_pubnames     drv_l1_uart.o
    0x0000ddb0   0x0000002c   Dbug   RW  1109     .debug_pubnames     drv_l1_uart.o
    0x0000dddc   0x00000030   Dbug   RW  1112     .debug_pubnames     drv_l1_uart.o
    0x0000de0c   0x00000028   Dbug   RW  1115     .debug_pubnames     drv_l1_uart.o
    0x0000de34   0x00000030   Dbug   RW  1118     .debug_pubnames     drv_l1_uart.o
    0x0000de64   0x00000024   Dbug   RW  1121     .debug_pubnames     drv_l1_uart.o
    0x0000de88   0x000000c4   Dbug   RW  1124     .debug_pubnames     drv_l1_uart.o
    0x0000df4c   0x000002b8   Dbug   RW  1128     .debug_pubnames     drv_l1_uart.o
    0x0000e204   0x00000024   Dbug   RW  1134     .debug_pubnames     drv_l1_watchdog.o
    0x0000e228   0x00000020   Dbug   RW  1137     .debug_pubnames     drv_l1_watchdog.o
    0x0000e248   0x00000024   Dbug   RW  1140     .debug_pubnames     drv_l1_watchdog.o
    0x0000e26c   0x00000028   Dbug   RW  1143     .debug_pubnames     drv_l1_watchdog.o
    0x0000e294   0x00000058   Dbug   RW  1150     .debug_pubnames     drv_l1_watchdog.o
    0x0000e2ec   0x00000020   Dbug   RW  1171     .debug_pubnames     gp_stdlib.o
    0x0000e30c   0x00000020   Dbug   RW  1174     .debug_pubnames     gp_stdlib.o
    0x0000e32c   0x00000020   Dbug   RW  1177     .debug_pubnames     gp_stdlib.o
    0x0000e34c   0x00000024   Dbug   RW  1180     .debug_pubnames     gp_stdlib.o
    0x0000e370   0x00000024   Dbug   RW  1183     .debug_pubnames     gp_stdlib.o
    0x0000e394   0x00000020   Dbug   RW  1186     .debug_pubnames     gp_stdlib.o
    0x0000e3b4   0x00000020   Dbug   RW  1189     .debug_pubnames     gp_stdlib.o
    0x0000e3d4   0x00000020   Dbug   RW  1192     .debug_pubnames     gp_stdlib.o
    0x0000e3f4   0x00000020   Dbug   RW  1195     .debug_pubnames     gp_stdlib.o
    0x0000e414   0x000000a8   Dbug   RW  1201     .debug_pubnames     gp_stdlib.o
    0x0000e4bc   0x00000028   Dbug   RW  1208     .debug_pubnames     main.o
    0x0000e4e4   0x0000001c   Dbug   RW  1211     .debug_pubnames     main.o
    0x0000e500   0x00000094   Dbug   RW  1214     .debug_pubnames     main.o
    0x0000e594   0x00000030   Dbug   RW  1218     .debug_pubnames     main.o
    0x0000e5c4   0x00000028   Dbug   RW  1235     .debug_pubnames     system_timer.o
    0x0000e5ec   0x0000002c   Dbug   RW  1238     .debug_pubnames     system_timer.o
    0x0000e618   0x00000028   Dbug   RW  1241     .debug_pubnames     system_timer.o
    0x0000e640   0x0000002c   Dbug   RW  1244     .debug_pubnames     system_timer.o
    0x0000e66c   0x0000002c   Dbug   RW  1247     .debug_pubnames     system_timer.o
    0x0000e698   0x0000002c   Dbug   RW  1250     .debug_pubnames     system_timer.o
    0x0000e6c4   0x00000154   Dbug   RW  1253     .debug_pubnames     system_timer.o
    0x0000e818   0x000000e0   Dbug   RW  1257     .debug_pubnames     system_timer.o
    0x0000e8f8   0x00000024   Dbug   RW  1262     .debug_pubnames     system_timer.o
    0x0000e91c   0x00000024   Dbug   RW  1267     .debug_pubnames     driver_l2_init.o
    0x0000e940   0x00000024   Dbug   RW  1273     .debug_pubnames     driver_l2_init.o
    0x0000e964   0x00000024   Dbug   RW  1335     .debug_pubnames     gplib_mm_gplus.o
    0x0000e988   0x00000028   Dbug   RW  1338     .debug_pubnames     gplib_mm_gplus.o
    0x0000e9b0   0x00000024   Dbug   RW  1341     .debug_pubnames     gplib_mm_gplus.o
    0x0000e9d4   0x000001d4   Dbug   RW  1344     .debug_pubnames     gplib_mm_gplus.o
    0x0000eba8   0x00000084   Dbug   RW  1348     .debug_pubnames     gplib_mm_gplus.o
    0x0000ec2c   0x0000002c   Dbug   RW  1360     .debug_pubnames     gplib_calendar.o
    0x0000ec58   0x00000024   Dbug   RW  1363     .debug_pubnames     gplib_calendar.o
    0x0000ec7c   0x00000028   Dbug   RW  1366     .debug_pubnames     gplib_calendar.o
    0x0000eca4   0x00000024   Dbug   RW  1369     .debug_pubnames     gplib_calendar.o
    0x0000ecc8   0x00000030   Dbug   RW  1372     .debug_pubnames     gplib_calendar.o
    0x0000ecf8   0x00000028   Dbug   RW  1375     .debug_pubnames     gplib_calendar.o
    0x0000ed20   0x00000028   Dbug   RW  1378     .debug_pubnames     gplib_calendar.o
    0x0000ed48   0x00000034   Dbug   RW  1381     .debug_pubnames     gplib_calendar.o
    0x0000ed7c   0x00000098   Dbug   RW  1384     .debug_pubnames     gplib_calendar.o
    0x0000ee14   0x000000d4   Dbug   RW  1388     .debug_pubnames     gplib_calendar.o
    0x0000eee8   0x00000020   Dbug   RW  1393     .debug_pubnames     gplib_calendar.o
    0x0000ef08   0x00000024   Dbug   RW  1398     .debug_pubnames     gplib_init.o
    0x0000ef2c   0x00000024   Dbug   RW  1404     .debug_pubnames     gplib_init.o
    0x0000ef50   0x00000024   Dbug   RW  1411     .debug_pubnames     gplib_print_string.o
    0x0000ef74   0x00000024   Dbug   RW  1414     .debug_pubnames     gplib_print_string.o
    0x0000ef98   0x00000020   Dbug   RW  1417     .debug_pubnames     gplib_print_string.o
    0x0000efb8   0x00000034   Dbug   RW  1421     .debug_pubnames     gplib_print_string.o
    0x0000efec   0x00000020   Dbug   RW  1429     .debug_pubnames     gplib_print_string.o
    0x0000f00c   0x00000084   Dbug   RW  1433     .debug_pubnames     gplib_print_string.o
    0x0000f090   0x00000028   Dbug   RW  1439     .debug_pubnames     nvram.o
    0x0000f0b8   0x00000028   Dbug   RW  1442     .debug_pubnames     nvram.o
    0x0000f0e0   0x00000028   Dbug   RW  1445     .debug_pubnames     nvram.o
    0x0000f108   0x00000024   Dbug   RW  1448     .debug_pubnames     nvram.o
    0x0000f12c   0x0000002c   Dbug   RW  1451     .debug_pubnames     nvram.o
    0x0000f158   0x00000024   Dbug   RW  1454     .debug_pubnames     nvram.o
    0x0000f17c   0x00000028   Dbug   RW  1457     .debug_pubnames     nvram.o
    0x0000f1a4   0x00000020   Dbug   RW  1460     .debug_pubnames     nvram.o
    0x0000f1c4   0x00000030   Dbug   RW  1463     .debug_pubnames     nvram.o
    0x0000f1f4   0x00000028   Dbug   RW  1466     .debug_pubnames     nvram.o
    0x0000f21c   0x00000024   Dbug   RW  1469     .debug_pubnames     nvram.o
    0x0000f240   0x00000030   Dbug   RW  1472     .debug_pubnames     nvram.o
    0x0000f270   0x00000034   Dbug   RW  1475     .debug_pubnames     nvram.o
    0x0000f2a4   0x00000030   Dbug   RW  1478     .debug_pubnames     nvram.o
    0x0000f2d4   0x00000030   Dbug   RW  1481     .debug_pubnames     nvram.o
    0x0000f304   0x0000002c   Dbug   RW  1484     .debug_pubnames     nvram.o
    0x0000f330   0x00000030   Dbug   RW  1487     .debug_pubnames     nvram.o
    0x0000f360   0x000000c4   Dbug   RW  1490     .debug_pubnames     nvram.o
    0x0000f424   0x00000230   Dbug   RW  1494     .debug_pubnames     nvram.o
    0x0000f654   0x0000002c   Dbug   RW  1506     .debug_pubnames     task_state_handling.o
    0x0000f680   0x0000004c   Dbug   RW  1509     .debug_pubnames     task_state_handling.o
    0x0000f6cc   0x00000044   Dbug   RW  1513     .debug_pubnames     task_state_handling.o
    0x0000f710   0x000014d4   Dbug   RW  1517     .debug_pubnames     task_state_handling.o
    0x00010be4   0x00000218   Dbug   RW  1520     .debug_pubnames     task_state_handling.o
    0x00010dfc   0x0000006c   Dbug   RW  1527     .debug_pubnames     task_state_handling.o
    0x00010e68   0x00000034   Dbug   RW  1536     .debug_pubnames     task_peripheral_handling.o
    0x00010e9c   0x000001ec   Dbug   RW  1539     .debug_pubnames     task_peripheral_handling.o
    0x00011088   0x00000058   Dbug   RW  1543     .debug_pubnames     task_peripheral_handling.o
    0x000110e0   0x000014d4   Dbug   RW  1547     .debug_pubnames     task_peripheral_handling.o
    0x000125b4   0x00000038   Dbug   RW  1549     .debug_pubnames     task_peripheral_handling.o
    0x000125ec   0x00000218   Dbug   RW  1551     .debug_pubnames     task_peripheral_handling.o
    0x00012804   0x00000024   Dbug   RW  1570     .debug_pubnames     msg_manager.o
    0x00012828   0x00000024   Dbug   RW  1573     .debug_pubnames     msg_manager.o
    0x0001284c   0x00000024   Dbug   RW  1576     .debug_pubnames     msg_manager.o
    0x00012870   0x00000020   Dbug   RW  1579     .debug_pubnames     msg_manager.o
    0x00012890   0x00000024   Dbug   RW  1582     .debug_pubnames     msg_manager.o
    0x000128b4   0x00000020   Dbug   RW  1585     .debug_pubnames     msg_manager.o
    0x000128d4   0x00000024   Dbug   RW  1588     .debug_pubnames     msg_manager.o
    0x000128f8   0x00000024   Dbug   RW  1591     .debug_pubnames     msg_manager.o
    0x0001291c   0x00000020   Dbug   RW  1594     .debug_pubnames     msg_manager.o
    0x0001293c   0x00000024   Dbug   RW  1597     .debug_pubnames     msg_manager.o
    0x00012960   0x000000a8   Dbug   RW  1603     .debug_pubnames     msg_manager.o
    0x00012a08   0x00000028   Dbug   RW  1613     .debug_pubnames     video_codec_callback.o
    0x00012a30   0x00000030   Dbug   RW  1616     .debug_pubnames     video_codec_callback.o
    0x00012a60   0x00000030   Dbug   RW  1619     .debug_pubnames     video_codec_callback.o
    0x00012a90   0x00000030   Dbug   RW  1622     .debug_pubnames     video_codec_callback.o
    0x00012ac0   0x00000038   Dbug   RW  1625     .debug_pubnames     video_codec_callback.o
    0x00012af8   0x00000030   Dbug   RW  1628     .debug_pubnames     video_codec_callback.o
    0x00012b28   0x00000028   Dbug   RW  1631     .debug_pubnames     video_codec_callback.o
    0x00012b50   0x00000030   Dbug   RW  1634     .debug_pubnames     video_codec_callback.o
    0x00012b80   0x00000030   Dbug   RW  1637     .debug_pubnames     video_codec_callback.o
    0x00012bb0   0x00000034   Dbug   RW  1640     .debug_pubnames     video_codec_callback.o
    0x00012be4   0x00000038   Dbug   RW  1643     .debug_pubnames     video_codec_callback.o
    0x00012c1c   0x00000038   Dbug   RW  1646     .debug_pubnames     video_codec_callback.o
    0x00012c54   0x000000a8   Dbug   RW  1649     .debug_pubnames     video_codec_callback.o
    0x00012cfc   0x000001b8   Dbug   RW  1653     .debug_pubnames     video_codec_callback.o
    0x00012eb4   0x0000002c   Dbug   RW  1662     .debug_pubnames     video_encoder.o
    0x00012ee0   0x00000030   Dbug   RW  1665     .debug_pubnames     video_encoder.o
    0x00012f10   0x00000028   Dbug   RW  1668     .debug_pubnames     video_encoder.o
    0x00012f38   0x0000002c   Dbug   RW  1671     .debug_pubnames     video_encoder.o
    0x00012f64   0x00000028   Dbug   RW  1674     .debug_pubnames     video_encoder.o
    0x00012f8c   0x00000038   Dbug   RW  1677     .debug_pubnames     video_encoder.o
    0x00012fc4   0x0000003c   Dbug   RW  1680     .debug_pubnames     video_encoder.o
    0x00013000   0x0000003c   Dbug   RW  1683     .debug_pubnames     video_encoder.o
    0x0001303c   0x00000040   Dbug   RW  1686     .debug_pubnames     video_encoder.o
    0x0001307c   0x00000034   Dbug   RW  1689     .debug_pubnames     video_encoder.o
    0x000130b0   0x00000040   Dbug   RW  1692     .debug_pubnames     video_encoder.o
    0x000130f0   0x00000030   Dbug   RW  1695     .debug_pubnames     video_encoder.o
    0x00013120   0x00000030   Dbug   RW  1698     .debug_pubnames     video_encoder.o
    0x00013150   0x000001f4   Dbug   RW  1704     .debug_pubnames     video_encoder.o
    0x00013344   0x00000028   Dbug   RW  1726     .debug_pubnames     state_usb.o
    0x0001336c   0x00000020   Dbug   RW  1729     .debug_pubnames     state_usb.o
    0x0001338c   0x0000002c   Dbug   RW  1732     .debug_pubnames     state_usb.o
    0x000133b8   0x00000028   Dbug   RW  1735     .debug_pubnames     state_usb.o
    0x000133e0   0x00000028   Dbug   RW  1738     .debug_pubnames     state_usb.o
    0x00013408   0x00000024   Dbug   RW  1741     .debug_pubnames     state_usb.o
    0x0001342c   0x00000024   Dbug   RW  1744     .debug_pubnames     state_usb.o
    0x00013450   0x00000024   Dbug   RW  1747     .debug_pubnames     state_usb.o
    0x00013474   0x0000002c   Dbug   RW  1750     .debug_pubnames     state_usb.o
    0x000134a0   0x0000002c   Dbug   RW  1753     .debug_pubnames     state_usb.o
    0x000134cc   0x000000f4   Dbug   RW  1756     .debug_pubnames     state_usb.o
    0x000135c0   0x00000100   Dbug   RW  1760     .debug_pubnames     state_usb.o
    0x000136c0   0x000014d4   Dbug   RW  1764     .debug_pubnames     state_usb.o
    0x00014b94   0x000000dc   Dbug   RW  1770     .debug_pubnames     state_usb.o
    0x00014c70   0x00000228   Dbug   RW  1778     .debug_pubnames     state_usb.o
    0x00014e98   0x000001fc   Dbug   RW  1781     .debug_pubnames     state_usb.o
    0x00015094   0x00000218   Dbug   RW  1783     .debug_pubnames     state_usb.o
    0x000152ac   0x0000002c   Dbug   RW  1791     .debug_pubnames     state_startup.o
    0x000152d8   0x0000002c   Dbug   RW  1794     .debug_pubnames     state_startup.o
    0x00015304   0x0000002c   Dbug   RW  1797     .debug_pubnames     state_startup.o
    0x00015330   0x00000058   Dbug   RW  1803     .debug_pubnames     state_startup.o
    0x00015388   0x00000028   Dbug   RW  1818     .debug_pubnames     ap_startup.o
    0x000153b0   0x00000028   Dbug   RW  1824     .debug_pubnames     ap_startup.o
    0x000153d8   0x0000002c   Dbug   RW  1839     .debug_pubnames     ap_video_preview.o
    0x00015404   0x00000034   Dbug   RW  1842     .debug_pubnames     ap_video_preview.o
    0x00015438   0x00000038   Dbug   RW  1845     .debug_pubnames     ap_video_preview.o
    0x00015470   0x0000002c   Dbug   RW  1848     .debug_pubnames     ap_video_preview.o
    0x0001549c   0x00000038   Dbug   RW  1851     .debug_pubnames     ap_video_preview.o
    0x000154d4   0x00000034   Dbug   RW  1854     .debug_pubnames     ap_video_preview.o
    0x00015508   0x00000044   Dbug   RW  1857     .debug_pubnames     ap_video_preview.o
    0x0001554c   0x00000098   Dbug   RW  1860     .debug_pubnames     ap_video_preview.o
    0x000155e4   0x000001c0   Dbug   RW  1864     .debug_pubnames     ap_video_preview.o
    0x000157a4   0x000014d4   Dbug   RW  1868     .debug_pubnames     ap_video_preview.o
    0x00016c78   0x00000028   Dbug   RW  1871     .debug_pubnames     ap_video_preview.o
    0x00016ca0   0x00000030   Dbug   RW  1880     .debug_pubnames     state_video_preview.o
    0x00016cd0   0x00000030   Dbug   RW  1883     .debug_pubnames     state_video_preview.o
    0x00016d00   0x00000074   Dbug   RW  1886     .debug_pubnames     state_video_preview.o
    0x00016d74   0x0000008c   Dbug   RW  1890     .debug_pubnames     state_video_preview.o
    0x00016e00   0x00000028   Dbug   RW  1894     .debug_pubnames     state_video_preview.o
    0x00016e28   0x00000024   Dbug   RW  1914     .debug_pubnames     ap_peripheral_handling.o
    0x00016e4c   0x00000034   Dbug   RW  1917     .debug_pubnames     ap_peripheral_handling.o
    0x00016e80   0x00000034   Dbug   RW  1920     .debug_pubnames     ap_peripheral_handling.o
    0x00016eb4   0x00000034   Dbug   RW  1923     .debug_pubnames     ap_peripheral_handling.o
    0x00016ee8   0x00000024   Dbug   RW  1926     .debug_pubnames     ap_peripheral_handling.o
    0x00016f0c   0x00000024   Dbug   RW  1929     .debug_pubnames     ap_peripheral_handling.o
    0x00016f30   0x00000024   Dbug   RW  1932     .debug_pubnames     ap_peripheral_handling.o
    0x00016f54   0x00000024   Dbug   RW  1935     .debug_pubnames     ap_peripheral_handling.o
    0x00016f78   0x00000028   Dbug   RW  1938     .debug_pubnames     ap_peripheral_handling.o
    0x00016fa0   0x00000038   Dbug   RW  1941     .debug_pubnames     ap_peripheral_handling.o
    0x00016fd8   0x00000038   Dbug   RW  1944     .debug_pubnames     ap_peripheral_handling.o
    0x00017010   0x00000038   Dbug   RW  1947     .debug_pubnames     ap_peripheral_handling.o
    0x00017048   0x00000040   Dbug   RW  1950     .debug_pubnames     ap_peripheral_handling.o
    0x00017088   0x00000034   Dbug   RW  1953     .debug_pubnames     ap_peripheral_handling.o
    0x000170bc   0x0000003c   Dbug   RW  1956     .debug_pubnames     ap_peripheral_handling.o
    0x000170f8   0x00000034   Dbug   RW  1959     .debug_pubnames     ap_peripheral_handling.o
    0x0001712c   0x00000034   Dbug   RW  1962     .debug_pubnames     ap_peripheral_handling.o
    0x00017160   0x00000030   Dbug   RW  1965     .debug_pubnames     ap_peripheral_handling.o
    0x00017190   0x0000002c   Dbug   RW  1968     .debug_pubnames     ap_peripheral_handling.o
    0x000171bc   0x00000030   Dbug   RW  1971     .debug_pubnames     ap_peripheral_handling.o
    0x000171ec   0x0000002c   Dbug   RW  1974     .debug_pubnames     ap_peripheral_handling.o
    0x00017218   0x00000030   Dbug   RW  1977     .debug_pubnames     ap_peripheral_handling.o
    0x00017248   0x00000034   Dbug   RW  1980     .debug_pubnames     ap_peripheral_handling.o
    0x0001727c   0x00000038   Dbug   RW  1983     .debug_pubnames     ap_peripheral_handling.o
    0x000172b4   0x00000034   Dbug   RW  1986     .debug_pubnames     ap_peripheral_handling.o
    0x000172e8   0x00000038   Dbug   RW  1989     .debug_pubnames     ap_peripheral_handling.o
    0x00017320   0x0000056c   Dbug   RW  1992     .debug_pubnames     ap_peripheral_handling.o
    0x0001788c   0x00000490   Dbug   RW  1996     .debug_pubnames     ap_peripheral_handling.o
    0x00017d1c   0x000014d4   Dbug   RW  2000     .debug_pubnames     ap_peripheral_handling.o
    0x000191f0   0x00000038   Dbug   RW  2002     .debug_pubnames     ap_peripheral_handling.o
    0x00019228   0x00000030   Dbug   RW  2010     .debug_pubnames     ap_storage_service.o
    0x00019258   0x00000038   Dbug   RW  2013     .debug_pubnames     ap_storage_service.o
    0x00019290   0x0000002c   Dbug   RW  2016     .debug_pubnames     ap_storage_service.o
    0x000192bc   0x00000038   Dbug   RW  2019     .debug_pubnames     ap_storage_service.o
    0x000192f4   0x00000040   Dbug   RW  2022     .debug_pubnames     ap_storage_service.o
    0x00019334   0x00000034   Dbug   RW  2025     .debug_pubnames     ap_storage_service.o
    0x00019368   0x00000038   Dbug   RW  2028     .debug_pubnames     ap_storage_service.o
    0x000193a0   0x00000038   Dbug   RW  2031     .debug_pubnames     ap_storage_service.o
    0x000193d8   0x0000003c   Dbug   RW  2034     .debug_pubnames     ap_storage_service.o
    0x00019414   0x0000003c   Dbug   RW  2037     .debug_pubnames     ap_storage_service.o
    0x00019450   0x00000034   Dbug   RW  2040     .debug_pubnames     ap_storage_service.o
    0x00019484   0x00000038   Dbug   RW  2043     .debug_pubnames     ap_storage_service.o
    0x000194bc   0x00000024   Dbug   RW  2046     .debug_pubnames     ap_storage_service.o
    0x000194e0   0x00000024   Dbug   RW  2049     .debug_pubnames     ap_storage_service.o
    0x00019504   0x000002f8   Dbug   RW  2052     .debug_pubnames     ap_storage_service.o
    0x000197fc   0x0000040c   Dbug   RW  2056     .debug_pubnames     ap_storage_service.o
    0x00019c08   0x000014d4   Dbug   RW  2060     .debug_pubnames     ap_storage_service.o
    0x0001b0dc   0x00000158   Dbug   RW  2069     .debug_pubnames     ap_storage_service.o
    0x0001b234   0x000000b4   Dbug   RW  2077     .debug_pubnames     task_storage_service.o
    0x0001b2e8   0x00000050   Dbug   RW  2081     .debug_pubnames     task_storage_service.o
    0x0001b338   0x000014d4   Dbug   RW  2085     .debug_pubnames     task_storage_service.o
    0x0001c80c   0x00000038   Dbug   RW  2098     .debug_pubnames     ap_state_handling.o
    0x0001c844   0x00000038   Dbug   RW  2101     .debug_pubnames     ap_state_handling.o
    0x0001c87c   0x0000003c   Dbug   RW  2104     .debug_pubnames     ap_state_handling.o
    0x0001c8b8   0x00000038   Dbug   RW  2107     .debug_pubnames     ap_state_handling.o
    0x0001c8f0   0x00000038   Dbug   RW  2110     .debug_pubnames     ap_state_handling.o
    0x0001c928   0x00000038   Dbug   RW  2113     .debug_pubnames     ap_state_handling.o
    0x0001c960   0x00000030   Dbug   RW  2116     .debug_pubnames     ap_state_handling.o
    0x0001c990   0x00000030   Dbug   RW  2119     .debug_pubnames     ap_state_handling.o
    0x0001c9c0   0x00000038   Dbug   RW  2122     .debug_pubnames     ap_state_handling.o
    0x0001c9f8   0x00000038   Dbug   RW  2125     .debug_pubnames     ap_state_handling.o
    0x0001ca30   0x0000001c   Dbug   RW  2128     .debug_pubnames     ap_state_handling.o
    0x0001ca4c   0x0000003c   Dbug   RW  2131     .debug_pubnames     ap_state_handling.o
    0x0001ca88   0x00000038   Dbug   RW  2134     .debug_pubnames     ap_state_handling.o
    0x0001cac0   0x00000030   Dbug   RW  2137     .debug_pubnames     ap_state_handling.o
    0x0001caf0   0x00000034   Dbug   RW  2140     .debug_pubnames     ap_state_handling.o
    0x0001cb24   0x00000034   Dbug   RW  2143     .debug_pubnames     ap_state_handling.o
    0x0001cb58   0x00000034   Dbug   RW  2146     .debug_pubnames     ap_state_handling.o
    0x0001cb8c   0x00000038   Dbug   RW  2149     .debug_pubnames     ap_state_handling.o
    0x0001cbc4   0x00000218   Dbug   RW  2152     .debug_pubnames     ap_state_handling.o
    0x0001cddc   0x000002a8   Dbug   RW  2156     .debug_pubnames     ap_state_handling.o
    0x0001d084   0x00000218   Dbug   RW  2160     .debug_pubnames     ap_state_handling.o
    0x0001d29c   0x0000002c   Dbug   RW  2179     .debug_pubnames     ap_video_record.o
    0x0001d2c8   0x00000038   Dbug   RW  2182     .debug_pubnames     ap_video_record.o
    0x0001d300   0x00000038   Dbug   RW  2185     .debug_pubnames     ap_video_record.o
    0x0001d338   0x0000003c   Dbug   RW  2188     .debug_pubnames     ap_video_record.o
    0x0001d374   0x0000003c   Dbug   RW  2191     .debug_pubnames     ap_video_record.o
    0x0001d3b0   0x00000030   Dbug   RW  2194     .debug_pubnames     ap_video_record.o
    0x0001d3e0   0x0000002c   Dbug   RW  2197     .debug_pubnames     ap_video_record.o
    0x0001d40c   0x00000030   Dbug   RW  2200     .debug_pubnames     ap_video_record.o
    0x0001d43c   0x00000034   Dbug   RW  2203     .debug_pubnames     ap_video_record.o
    0x0001d470   0x0000002c   Dbug   RW  2206     .debug_pubnames     ap_video_record.o
    0x0001d49c   0x00000038   Dbug   RW  2209     .debug_pubnames     ap_video_record.o
    0x0001d4d4   0x00000030   Dbug   RW  2212     .debug_pubnames     ap_video_record.o
    0x0001d504   0x00000038   Dbug   RW  2215     .debug_pubnames     ap_video_record.o
    0x0001d53c   0x00000034   Dbug   RW  2218     .debug_pubnames     ap_video_record.o
    0x0001d570   0x00000124   Dbug   RW  2221     .debug_pubnames     ap_video_record.o
    0x0001d694   0x0000027c   Dbug   RW  2225     .debug_pubnames     ap_video_record.o
    0x0001d910   0x00000030   Dbug   RW  2232     .debug_pubnames     state_video_record.o
    0x0001d940   0x00000030   Dbug   RW  2235     .debug_pubnames     state_video_record.o
    0x0001d970   0x00000090   Dbug   RW  2238     .debug_pubnames     state_video_record.o
    0x0001da00   0x00000068   Dbug   RW  2242     .debug_pubnames     state_video_record.o
    0x0001da68   0x00000024   Dbug   RW  2353     .debug_pubnames     drv_l1_sensor.o
    0x0001da8c   0x00000024   Dbug   RW  2356     .debug_pubnames     drv_l1_sensor.o
    0x0001dab0   0x00000020   Dbug   RW  2359     .debug_pubnames     drv_l1_sensor.o
    0x0001dad0   0x00000020   Dbug   RW  2362     .debug_pubnames     drv_l1_sensor.o
    0x0001daf0   0x00000024   Dbug   RW  2365     .debug_pubnames     drv_l1_sensor.o
    0x0001db14   0x00000020   Dbug   RW  2368     .debug_pubnames     drv_l1_sensor.o
    0x0001db34   0x00000020   Dbug   RW  2371     .debug_pubnames     drv_l1_sensor.o
    0x0001db54   0x00000030   Dbug   RW  2374     .debug_pubnames     drv_l1_sensor.o
    0x0001db84   0x00000030   Dbug   RW  2377     .debug_pubnames     drv_l1_sensor.o
    0x0001dbb4   0x00000030   Dbug   RW  2380     .debug_pubnames     drv_l1_sensor.o
    0x0001dbe4   0x00000028   Dbug   RW  2383     .debug_pubnames     drv_l1_sensor.o
    0x0001dc0c   0x0000002c   Dbug   RW  2386     .debug_pubnames     drv_l1_sensor.o
    0x0001dc38   0x0000002c   Dbug   RW  2389     .debug_pubnames     drv_l1_sensor.o
    0x0001dc64   0x0000002c   Dbug   RW  2392     .debug_pubnames     drv_l1_sensor.o
    0x0001dc90   0x00000034   Dbug   RW  2395     .debug_pubnames     drv_l1_sensor.o
    0x0001dcc4   0x00000030   Dbug   RW  2398     .debug_pubnames     drv_l1_sensor.o
    0x0001dcf4   0x00000034   Dbug   RW  2401     .debug_pubnames     drv_l1_sensor.o
    0x0001dd28   0x000001ac   Dbug   RW  2408     .debug_pubnames     drv_l1_sensor.o
    0x0001ded4   0x0000002c   Dbug   RW  2428     .debug_pubnames     ap_display.o
    0x0001df00   0x00000030   Dbug   RW  2431     .debug_pubnames     ap_display.o
    0x0001df30   0x0000002c   Dbug   RW  2434     .debug_pubnames     ap_display.o
    0x0001df5c   0x0000002c   Dbug   RW  2437     .debug_pubnames     ap_display.o
    0x0001df88   0x0000002c   Dbug   RW  2440     .debug_pubnames     ap_display.o
    0x0001dfb4   0x00000030   Dbug   RW  2443     .debug_pubnames     ap_display.o
    0x0001dfe4   0x0000002c   Dbug   RW  2446     .debug_pubnames     ap_display.o
    0x0001e010   0x00000030   Dbug   RW  2449     .debug_pubnames     ap_display.o
    0x0001e040   0x00000038   Dbug   RW  2452     .debug_pubnames     ap_display.o
    0x0001e078   0x0000002c   Dbug   RW  2455     .debug_pubnames     ap_display.o
    0x0001e0a4   0x00000028   Dbug   RW  2458     .debug_pubnames     ap_display.o
    0x0001e0cc   0x0000002c   Dbug   RW  2461     .debug_pubnames     ap_display.o
    0x0001e0f8   0x0000002c   Dbug   RW  2464     .debug_pubnames     ap_display.o
    0x0001e124   0x00000030   Dbug   RW  2467     .debug_pubnames     ap_display.o
    0x0001e154   0x00000034   Dbug   RW  2470     .debug_pubnames     ap_display.o
    0x0001e188   0x0000002c   Dbug   RW  2473     .debug_pubnames     ap_display.o
    0x0001e1b4   0x00000030   Dbug   RW  2476     .debug_pubnames     ap_display.o
    0x0001e1e4   0x00000034   Dbug   RW  2479     .debug_pubnames     ap_display.o
    0x0001e218   0x0000003c   Dbug   RW  2482     .debug_pubnames     ap_display.o
    0x0001e254   0x00000030   Dbug   RW  2485     .debug_pubnames     ap_display.o
    0x0001e284   0x00000034   Dbug   RW  2488     .debug_pubnames     ap_display.o
    0x0001e2b8   0x00000030   Dbug   RW  2491     .debug_pubnames     ap_display.o
    0x0001e2e8   0x00000038   Dbug   RW  2494     .debug_pubnames     ap_display.o
    0x0001e320   0x00000034   Dbug   RW  2497     .debug_pubnames     ap_display.o
    0x0001e354   0x00000038   Dbug   RW  2500     .debug_pubnames     ap_display.o
    0x0001e38c   0x00000034   Dbug   RW  2503     .debug_pubnames     ap_display.o
    0x0001e3c0   0x00000030   Dbug   RW  2506     .debug_pubnames     ap_display.o
    0x0001e3f0   0x00000034   Dbug   RW  2509     .debug_pubnames     ap_display.o
    0x0001e424   0x00000038   Dbug   RW  2512     .debug_pubnames     ap_display.o
    0x0001e45c   0x00000030   Dbug   RW  2515     .debug_pubnames     ap_display.o
    0x0001e48c   0x00000030   Dbug   RW  2518     .debug_pubnames     ap_display.o
    0x0001e4bc   0x00000030   Dbug   RW  2521     .debug_pubnames     ap_display.o
    0x0001e4ec   0x00000030   Dbug   RW  2524     .debug_pubnames     ap_display.o
    0x0001e51c   0x00000030   Dbug   RW  2527     .debug_pubnames     ap_display.o
    0x0001e54c   0x00000034   Dbug   RW  2530     .debug_pubnames     ap_display.o
    0x0001e580   0x00000028   Dbug   RW  2533     .debug_pubnames     ap_display.o
    0x0001e5a8   0x00000034   Dbug   RW  2536     .debug_pubnames     ap_display.o
    0x0001e5dc   0x0000003c   Dbug   RW  2539     .debug_pubnames     ap_display.o
    0x0001e618   0x00000030   Dbug   RW  2542     .debug_pubnames     ap_display.o
    0x0001e648   0x00000030   Dbug   RW  2545     .debug_pubnames     ap_display.o
    0x0001e678   0x00000034   Dbug   RW  2548     .debug_pubnames     ap_display.o
    0x0001e6ac   0x0000003c   Dbug   RW  2551     .debug_pubnames     ap_display.o
    0x0001e6e8   0x0000003c   Dbug   RW  2554     .debug_pubnames     ap_display.o
    0x0001e724   0x00000040   Dbug   RW  2557     .debug_pubnames     ap_display.o
    0x0001e764   0x00000034   Dbug   RW  2560     .debug_pubnames     ap_display.o
    0x0001e798   0x00000200   Dbug   RW  2563     .debug_pubnames     ap_display.o
    0x0001e998   0x000005d8   Dbug   RW  2567     .debug_pubnames     ap_display.o
    0x0001ef70   0x00000f1c   Dbug   RW  2571     .debug_pubnames     ap_display.o
    0x0001fe8c   0x00000218   Dbug   RW  2578     .debug_pubnames     ap_display.o
    0x000200a4   0x00000e98   Dbug   RW  2585     .debug_pubnames     task_display.o
    0x00020f3c   0x00000038   Dbug   RW  2590     .debug_pubnames     ap_state_config.o
    0x00020f74   0x00000038   Dbug   RW  2593     .debug_pubnames     ap_state_config.o
    0x00020fac   0x00000034   Dbug   RW  2596     .debug_pubnames     ap_state_config.o
    0x00020fe0   0x00000034   Dbug   RW  2599     .debug_pubnames     ap_state_config.o
    0x00021014   0x00000034   Dbug   RW  2602     .debug_pubnames     ap_state_config.o
    0x00021048   0x00000038   Dbug   RW  2605     .debug_pubnames     ap_state_config.o
    0x00021080   0x00000038   Dbug   RW  2608     .debug_pubnames     ap_state_config.o
    0x000210b8   0x00000040   Dbug   RW  2611     .debug_pubnames     ap_state_config.o
    0x000210f8   0x00000040   Dbug   RW  2614     .debug_pubnames     ap_state_config.o
    0x00021138   0x00000038   Dbug   RW  2617     .debug_pubnames     ap_state_config.o
    0x00021170   0x00000038   Dbug   RW  2620     .debug_pubnames     ap_state_config.o
    0x000211a8   0x00000030   Dbug   RW  2623     .debug_pubnames     ap_state_config.o
    0x000211d8   0x00000030   Dbug   RW  2626     .debug_pubnames     ap_state_config.o
    0x00021208   0x00000030   Dbug   RW  2629     .debug_pubnames     ap_state_config.o
    0x00021238   0x00000030   Dbug   RW  2632     .debug_pubnames     ap_state_config.o
    0x00021268   0x00000030   Dbug   RW  2635     .debug_pubnames     ap_state_config.o
    0x00021298   0x00000030   Dbug   RW  2638     .debug_pubnames     ap_state_config.o
    0x000212c8   0x0000003c   Dbug   RW  2641     .debug_pubnames     ap_state_config.o
    0x00021304   0x0000003c   Dbug   RW  2644     .debug_pubnames     ap_state_config.o
    0x00021340   0x00000040   Dbug   RW  2647     .debug_pubnames     ap_state_config.o
    0x00021380   0x00000040   Dbug   RW  2650     .debug_pubnames     ap_state_config.o
    0x000213c0   0x00000030   Dbug   RW  2653     .debug_pubnames     ap_state_config.o
    0x000213f0   0x0000002c   Dbug   RW  2656     .debug_pubnames     ap_state_config.o
    0x0002141c   0x00000038   Dbug   RW  2659     .debug_pubnames     ap_state_config.o
    0x00021454   0x00000020   Dbug   RW  2662     .debug_pubnames     ap_state_config.o
    0x00021474   0x0000002c   Dbug   RW  2665     .debug_pubnames     ap_state_config.o
    0x000214a0   0x00000038   Dbug   RW  2668     .debug_pubnames     ap_state_config.o
    0x000214d8   0x00000038   Dbug   RW  2671     .debug_pubnames     ap_state_config.o
    0x00021510   0x00000038   Dbug   RW  2674     .debug_pubnames     ap_state_config.o
    0x00021548   0x00000038   Dbug   RW  2677     .debug_pubnames     ap_state_config.o
    0x00021580   0x00000030   Dbug   RW  2680     .debug_pubnames     ap_state_config.o
    0x000215b0   0x00000030   Dbug   RW  2683     .debug_pubnames     ap_state_config.o
    0x000215e0   0x00000034   Dbug   RW  2686     .debug_pubnames     ap_state_config.o
    0x00021614   0x00000034   Dbug   RW  2689     .debug_pubnames     ap_state_config.o
    0x00021648   0x00000040   Dbug   RW  2692     .debug_pubnames     ap_state_config.o
    0x00021688   0x00000040   Dbug   RW  2695     .debug_pubnames     ap_state_config.o
    0x000216c8   0x00000030   Dbug   RW  2698     .debug_pubnames     ap_state_config.o
    0x000216f8   0x00000034   Dbug   RW  2701     .debug_pubnames     ap_state_config.o
    0x0002172c   0x00000034   Dbug   RW  2704     .debug_pubnames     ap_state_config.o
    0x00021760   0x00000038   Dbug   RW  2707     .debug_pubnames     ap_state_config.o
    0x00021798   0x00000038   Dbug   RW  2710     .debug_pubnames     ap_state_config.o
    0x000217d0   0x00000030   Dbug   RW  2713     .debug_pubnames     ap_state_config.o
    0x00021800   0x00000030   Dbug   RW  2716     .debug_pubnames     ap_state_config.o
    0x00021830   0x00000030   Dbug   RW  2719     .debug_pubnames     ap_state_config.o
    0x00021860   0x00000030   Dbug   RW  2722     .debug_pubnames     ap_state_config.o
    0x00021890   0x00000038   Dbug   RW  2725     .debug_pubnames     ap_state_config.o
    0x000218c8   0x00000038   Dbug   RW  2728     .debug_pubnames     ap_state_config.o
    0x00021900   0x00000034   Dbug   RW  2731     .debug_pubnames     ap_state_config.o
    0x00021934   0x00000034   Dbug   RW  2734     .debug_pubnames     ap_state_config.o
    0x00021968   0x00000034   Dbug   RW  2737     .debug_pubnames     ap_state_config.o
    0x0002199c   0x00000034   Dbug   RW  2740     .debug_pubnames     ap_state_config.o
    0x000219d0   0x0000003c   Dbug   RW  2743     .debug_pubnames     ap_state_config.o
    0x00021a0c   0x0000003c   Dbug   RW  2746     .debug_pubnames     ap_state_config.o
    0x00021a48   0x00000034   Dbug   RW  2749     .debug_pubnames     ap_state_config.o
    0x00021a7c   0x00000034   Dbug   RW  2752     .debug_pubnames     ap_state_config.o
    0x00021ab0   0x0000003c   Dbug   RW  2755     .debug_pubnames     ap_state_config.o
    0x00021aec   0x0000003c   Dbug   RW  2758     .debug_pubnames     ap_state_config.o
    0x00021b28   0x0000003c   Dbug   RW  2761     .debug_pubnames     ap_state_config.o
    0x00021b64   0x0000003c   Dbug   RW  2764     .debug_pubnames     ap_state_config.o
    0x00021ba0   0x00000034   Dbug   RW  2767     .debug_pubnames     ap_state_config.o
    0x00021bd4   0x00000034   Dbug   RW  2770     .debug_pubnames     ap_state_config.o
    0x00021c08   0x00000038   Dbug   RW  2773     .debug_pubnames     ap_state_config.o
    0x00021c40   0x00000038   Dbug   RW  2776     .debug_pubnames     ap_state_config.o
    0x00021c78   0x00000034   Dbug   RW  2779     .debug_pubnames     ap_state_config.o
    0x00021cac   0x00000034   Dbug   RW  2782     .debug_pubnames     ap_state_config.o
    0x00021ce0   0x00000034   Dbug   RW  2785     .debug_pubnames     ap_state_config.o
    0x00021d14   0x00000034   Dbug   RW  2788     .debug_pubnames     ap_state_config.o
    0x00021d48   0x00000034   Dbug   RW  2791     .debug_pubnames     ap_state_config.o
    0x00021d7c   0x00000034   Dbug   RW  2794     .debug_pubnames     ap_state_config.o
    0x00021db0   0x00000034   Dbug   RW  2797     .debug_pubnames     ap_state_config.o
    0x00021de4   0x00000034   Dbug   RW  2800     .debug_pubnames     ap_state_config.o
    0x00021e18   0x00000038   Dbug   RW  2803     .debug_pubnames     ap_state_config.o
    0x00021e50   0x00000038   Dbug   RW  2806     .debug_pubnames     ap_state_config.o
    0x00021e88   0x00000034   Dbug   RW  2809     .debug_pubnames     ap_state_config.o
    0x00021ebc   0x00000038   Dbug   RW  2812     .debug_pubnames     ap_state_config.o
    0x00021ef4   0x0000002c   Dbug   RW  2815     .debug_pubnames     ap_state_config.o
    0x00021f20   0x0000002c   Dbug   RW  2818     .debug_pubnames     ap_state_config.o
    0x00021f4c   0x00000034   Dbug   RW  2821     .debug_pubnames     ap_state_config.o
    0x00021f80   0x00000034   Dbug   RW  2824     .debug_pubnames     ap_state_config.o
    0x00021fb4   0x00000038   Dbug   RW  2827     .debug_pubnames     ap_state_config.o
    0x00021fec   0x00000038   Dbug   RW  2830     .debug_pubnames     ap_state_config.o
    0x00022024   0x00000034   Dbug   RW  2833     .debug_pubnames     ap_state_config.o
    0x00022058   0x00000034   Dbug   RW  2836     .debug_pubnames     ap_state_config.o
    0x0002208c   0x00000024   Dbug   RW  2839     .debug_pubnames     ap_state_config.o
    0x000220b0   0x00000054   Dbug   RW  2842     .debug_pubnames     ap_state_config.o
    0x00022104   0x00000b80   Dbug   RW  2846     .debug_pubnames     ap_state_config.o
    0x00022c84   0x00000044   Dbug   RW  2868     .debug_pubnames     ap_state_resource.o
    0x00022cc8   0x00000044   Dbug   RW  2871     .debug_pubnames     ap_state_resource.o
    0x00022d0c   0x00000024   Dbug   RW  2874     .debug_pubnames     ap_state_resource.o
    0x00022d30   0x00000044   Dbug   RW  2877     .debug_pubnames     ap_state_resource.o
    0x00022d74   0x00000044   Dbug   RW  2880     .debug_pubnames     ap_state_resource.o
    0x00022db8   0x00000040   Dbug   RW  2883     .debug_pubnames     ap_state_resource.o
    0x00022df8   0x00000034   Dbug   RW  2886     .debug_pubnames     ap_state_resource.o
    0x00022e2c   0x0000003c   Dbug   RW  2889     .debug_pubnames     ap_state_resource.o
    0x00022e68   0x0000003c   Dbug   RW  2892     .debug_pubnames     ap_state_resource.o
    0x00022ea4   0x0000003c   Dbug   RW  2895     .debug_pubnames     ap_state_resource.o
    0x00022ee0   0x00000228   Dbug   RW  2898     .debug_pubnames     ap_state_resource.o
    0x00023108   0x00000278   Dbug   RW  2902     .debug_pubnames     ap_state_resource.o
    0x00023380   0x00000f1c   Dbug   RW  2918     .debug_pubnames     video_decoder_app.o
    0x0002429c   0x00000020   Dbug   RW  2981     .debug_pubnames     drv_l1_dac.o
    0x000242bc   0x00000020   Dbug   RW  2987     .debug_pubnames     drv_l1_dac.o
    0x000242dc   0x00000024   Dbug   RW  3004     .debug_pubnames     ap_state_firmware_upgrade.o
    0x00024300   0x00000024   Dbug   RW  3007     .debug_pubnames     ap_state_firmware_upgrade.o
    0x00024324   0x00000020   Dbug   RW  3010     .debug_pubnames     ap_state_firmware_upgrade.o
    0x00024344   0x00000024   Dbug   RW  3013     .debug_pubnames     ap_state_firmware_upgrade.o
    0x00024368   0x00000028   Dbug   RW  3016     .debug_pubnames     ap_state_firmware_upgrade.o
    0x00024390   0x00000024   Dbug   RW  3019     .debug_pubnames     ap_state_firmware_upgrade.o
    0x000243b4   0x0000002c   Dbug   RW  3022     .debug_pubnames     ap_state_firmware_upgrade.o
    0x000243e0   0x00000028   Dbug   RW  3025     .debug_pubnames     ap_state_firmware_upgrade.o
    0x00024408   0x0000008c   Dbug   RW  3029     .debug_pubnames     ap_state_firmware_upgrade.o
    0x00024494   0x00000090   Dbug   RW  3034     .debug_pubnames     ap_state_firmware_upgrade.o
    0x00024524   0x00000368   Dbug   RW  3036     .debug_pubnames     ap_state_firmware_upgrade.o
    0x0002488c   0x000000f8   Dbug   RW  3040     .debug_pubnames     ap_state_firmware_upgrade.o
    0x00024984   0x0000007c   Dbug   RW  3044     .debug_pubnames     ap_state_firmware_upgrade.o
    0x00024a00   0x00001304   Dbug   RW  3056     .debug_pubnames     ap_state_firmware_upgrade.o
    0x00025d04   0x00000344   Dbug   RW  3062     .debug_pubnames     ap_state_firmware_upgrade.o
    0x00026048   0x000014d4   Dbug   RW  3064     .debug_pubnames     ap_state_firmware_upgrade.o
    0x0002751c   0x00000218   Dbug   RW  3066     .debug_pubnames     ap_state_firmware_upgrade.o
    0x00027734   0x0000006c   Dbug   RW  3071     .debug_pubnames     ap_state_firmware_upgrade.o
    0x000277a0   0x000000dc   Dbug   RW  3075     .debug_pubnames     ap_state_firmware_upgrade.o
    0x0002787c   0x00000118   Dbug   RW  3094     .debug_pubnames     drv_l2_usbd_descriptor_tbl.o
    0x00027994   0x00000114   Dbug   RW  3109     .debug_pubnames     drv_l2_usbd_uvc_descriptor_tbl.o
    0x00027aa8   0x00000024   Dbug   RW  3121     .debug_pubnames     ap_usb.o
    0x00027acc   0x00000030   Dbug   RW  3124     .debug_pubnames     ap_usb.o
    0x00027afc   0x00000030   Dbug   RW  3127     .debug_pubnames     ap_usb.o
    0x00027b2c   0x00000030   Dbug   RW  3130     .debug_pubnames     ap_usb.o
    0x00027b5c   0x0000002c   Dbug   RW  3133     .debug_pubnames     ap_usb.o
    0x00027b88   0x0000002c   Dbug   RW  3136     .debug_pubnames     ap_usb.o
    0x00027bb4   0x0000002c   Dbug   RW  3139     .debug_pubnames     ap_usb.o
    0x00027be0   0x00000030   Dbug   RW  3142     .debug_pubnames     ap_usb.o
    0x00027c10   0x0000002c   Dbug   RW  3145     .debug_pubnames     ap_usb.o
    0x00027c3c   0x00000030   Dbug   RW  3148     .debug_pubnames     ap_usb.o
    0x00027c6c   0x00000030   Dbug   RW  3151     .debug_pubnames     ap_usb.o
    0x00027c9c   0x00000028   Dbug   RW  3154     .debug_pubnames     ap_usb.o
    0x00027cc4   0x00000024   Dbug   RW  3157     .debug_pubnames     ap_usb.o
    0x00027ce8   0x00000020   Dbug   RW  3160     .debug_pubnames     ap_usb.o
    0x00027d08   0x00000024   Dbug   RW  3163     .debug_pubnames     ap_usb.o
    0x00027d2c   0x00000024   Dbug   RW  3166     .debug_pubnames     ap_usb.o
    0x00027d50   0x00000020   Dbug   RW  3169     .debug_pubnames     ap_usb.o
    0x00027d70   0x00000028   Dbug   RW  3172     .debug_pubnames     ap_usb.o
    0x00027d98   0x00000030   Dbug   RW  3175     .debug_pubnames     ap_usb.o
    0x00027dc8   0x00000030   Dbug   RW  3178     .debug_pubnames     ap_usb.o
    0x00027df8   0x00000028   Dbug   RW  3181     .debug_pubnames     ap_usb.o
    0x00027e20   0x0000034c   Dbug   RW  3184     .debug_pubnames     ap_usb.o
    0x0002816c   0x00000224   Dbug   RW  3188     .debug_pubnames     ap_usb.o
    0x00028390   0x00000084   Dbug   RW  3193     .debug_pubnames     ap_usb.o
    0x00028414   0x00000344   Dbug   RW  3196     .debug_pubnames     ap_usb.o
    0x00028758   0x000014d4   Dbug   RW  3198     .debug_pubnames     ap_usb.o
    0x00029c2c   0x00000218   Dbug   RW  3206     .debug_pubnames     ap_usb.o
    0x00029e44   0x000001fc   Dbug   RW  3208     .debug_pubnames     ap_usb.o
    0x0002a040   0x00000020   Dbug   RW  3326     .debug_pubnames     my_video_codec_callback.o
    0x0002a060   0x0000002c   Dbug   RW  3329     .debug_pubnames     my_video_codec_callback.o
    0x0002a08c   0x00000030   Dbug   RW  3332     .debug_pubnames     my_video_codec_callback.o
    0x0002a0bc   0x00000034   Dbug   RW  3335     .debug_pubnames     my_video_codec_callback.o
    0x0002a0f0   0x00000034   Dbug   RW  3338     .debug_pubnames     my_video_codec_callback.o
    0x0002a124   0x00000030   Dbug   RW  3341     .debug_pubnames     my_video_codec_callback.o
    0x0002a154   0x0000002c   Dbug   RW  3344     .debug_pubnames     my_video_codec_callback.o
    0x0002a180   0x00000030   Dbug   RW  3347     .debug_pubnames     my_video_codec_callback.o
    0x0002a1b0   0x0000002c   Dbug   RW  3350     .debug_pubnames     my_video_codec_callback.o
    0x0002a1dc   0x00000030   Dbug   RW  3353     .debug_pubnames     my_video_codec_callback.o
    0x0002a20c   0x00000028   Dbug   RW  3356     .debug_pubnames     my_video_codec_callback.o
    0x0002a234   0x00000030   Dbug   RW  3359     .debug_pubnames     my_video_codec_callback.o
    0x0002a264   0x00000034   Dbug   RW  3362     .debug_pubnames     my_video_codec_callback.o
    0x0002a298   0x00000034   Dbug   RW  3365     .debug_pubnames     my_video_codec_callback.o
    0x0002a2cc   0x0000002c   Dbug   RW  3368     .debug_pubnames     my_video_codec_callback.o
    0x0002a2f8   0x000003f4   Dbug   RW  3371     .debug_pubnames     my_video_codec_callback.o
    0x0002a6ec   0x000002d0   Dbug   RW  3375     .debug_pubnames     my_video_codec_callback.o
    0x0002a9bc   0x000014d4   Dbug   RW  3379     .debug_pubnames     my_video_codec_callback.o
    0x0002be90   0x00000024   Dbug   RW  3394     .debug_pubnames     drv_l2_spifc.o
    0x0002beb4   0x0000002c   Dbug   RW  3397     .debug_pubnames     drv_l2_spifc.o
    0x0002bee0   0x0000002c   Dbug   RW  3400     .debug_pubnames     drv_l2_spifc.o
    0x0002bf0c   0x0000002c   Dbug   RW  3403     .debug_pubnames     drv_l2_spifc.o
    0x0002bf38   0x00000028   Dbug   RW  3406     .debug_pubnames     drv_l2_spifc.o
    0x0002bf60   0x00000024   Dbug   RW  3409     .debug_pubnames     drv_l2_spifc.o
    0x0002bf84   0x00000024   Dbug   RW  3412     .debug_pubnames     drv_l2_spifc.o
    0x0002bfa8   0x00000024   Dbug   RW  3415     .debug_pubnames     drv_l2_spifc.o
    0x0002bfcc   0x00000024   Dbug   RW  3418     .debug_pubnames     drv_l2_spifc.o
    0x0002bff0   0x0000002c   Dbug   RW  3421     .debug_pubnames     drv_l2_spifc.o
    0x0002c01c   0x00000024   Dbug   RW  3424     .debug_pubnames     drv_l2_spifc.o
    0x0002c040   0x00000028   Dbug   RW  3427     .debug_pubnames     drv_l2_spifc.o
    0x0002c068   0x00000100   Dbug   RW  3431     .debug_pubnames     drv_l2_spifc.o
    0x0002c168   0x00000024   Dbug   RW  3441     .debug_pubnames     drv_l1_spifc.o
    0x0002c18c   0x00000028   Dbug   RW  3444     .debug_pubnames     drv_l1_spifc.o
    0x0002c1b4   0x00000030   Dbug   RW  3447     .debug_pubnames     drv_l1_spifc.o
    0x0002c1e4   0x00000030   Dbug   RW  3450     .debug_pubnames     drv_l1_spifc.o
    0x0002c214   0x00000030   Dbug   RW  3453     .debug_pubnames     drv_l1_spifc.o
    0x0002c244   0x0000002c   Dbug   RW  3456     .debug_pubnames     drv_l1_spifc.o
    0x0002c270   0x00000030   Dbug   RW  3459     .debug_pubnames     drv_l1_spifc.o
    0x0002c2a0   0x0000002c   Dbug   RW  3462     .debug_pubnames     drv_l1_spifc.o
    0x0002c2cc   0x00000024   Dbug   RW  3465     .debug_pubnames     drv_l1_spifc.o
    0x0002c2f0   0x00000028   Dbug   RW  3468     .debug_pubnames     drv_l1_spifc.o
    0x0002c318   0x00000020   Dbug   RW  3471     .debug_pubnames     drv_l1_spifc.o
    0x0002c338   0x000000fc   Dbug   RW  3475     .debug_pubnames     drv_l1_spifc.o
    0x0002c434   0x00000024   Dbug   RW  3481     .debug_pubnames     spi_flash_mxic.o
    0x0002c458   0x00000020   Dbug   RW  3484     .debug_pubnames     spi_flash_mxic.o
    0x0002c478   0x00000028   Dbug   RW  3487     .debug_pubnames     spi_flash_mxic.o
    0x0002c4a0   0x00000028   Dbug   RW  3490     .debug_pubnames     spi_flash_mxic.o
    0x0002c4c8   0x0000002c   Dbug   RW  3493     .debug_pubnames     spi_flash_mxic.o
    0x0002c4f4   0x00000024   Dbug   RW  3496     .debug_pubnames     spi_flash_mxic.o
    0x0002c518   0x00000024   Dbug   RW  3499     .debug_pubnames     spi_flash_mxic.o
    0x0002c53c   0x0000002c   Dbug   RW  3502     .debug_pubnames     spi_flash_mxic.o
    0x0002c568   0x00000098   Dbug   RW  3508     .debug_pubnames     spi_flash_mxic.o
    0x0002c600   0x00000024   Dbug   RW  3521     .debug_pubnames     drv_l2_sensor.o
    0x0002c624   0x00000028   Dbug   RW  3524     .debug_pubnames     drv_l2_sensor.o
    0x0002c64c   0x00000028   Dbug   RW  3527     .debug_pubnames     drv_l2_sensor.o
    0x0002c674   0x00000024   Dbug   RW  3530     .debug_pubnames     drv_l2_sensor.o
    0x0002c698   0x00000094   Dbug   RW  3533     .debug_pubnames     drv_l2_sensor.o
    0x0002c72c   0x000000b4   Dbug   RW  3537     .debug_pubnames     drv_l2_sensor.o
    0x0002c7e0   0x00000030   Dbug   RW  3544     .debug_pubnames     drv_l1_cdsp.o
    0x0002c810   0x0000002c   Dbug   RW  3547     .debug_pubnames     drv_l1_cdsp.o
    0x0002c83c   0x00000028   Dbug   RW  3550     .debug_pubnames     drv_l1_cdsp.o
    0x0002c864   0x00000028   Dbug   RW  3553     .debug_pubnames     drv_l1_cdsp.o
    0x0002c88c   0x00000028   Dbug   RW  3556     .debug_pubnames     drv_l1_cdsp.o
    0x0002c8b4   0x00000034   Dbug   RW  3559     .debug_pubnames     drv_l1_cdsp.o
    0x0002c8e8   0x00000034   Dbug   RW  3562     .debug_pubnames     drv_l1_cdsp.o
    0x0002c91c   0x0000002c   Dbug   RW  3565     .debug_pubnames     drv_l1_cdsp.o
    0x0002c948   0x0000002c   Dbug   RW  3568     .debug_pubnames     drv_l1_cdsp.o
    0x0002c974   0x0000002c   Dbug   RW  3571     .debug_pubnames     drv_l1_cdsp.o
    0x0002c9a0   0x00000034   Dbug   RW  3574     .debug_pubnames     drv_l1_cdsp.o
    0x0002c9d4   0x00000024   Dbug   RW  3577     .debug_pubnames     drv_l1_cdsp.o
    0x0002c9f8   0x00000030   Dbug   RW  3580     .debug_pubnames     drv_l1_cdsp.o
    0x0002ca28   0x0000002c   Dbug   RW  3583     .debug_pubnames     drv_l1_cdsp.o
    0x0002ca54   0x00000028   Dbug   RW  3586     .debug_pubnames     drv_l1_cdsp.o
    0x0002ca7c   0x0000002c   Dbug   RW  3589     .debug_pubnames     drv_l1_cdsp.o
    0x0002caa8   0x00000028   Dbug   RW  3592     .debug_pubnames     drv_l1_cdsp.o
    0x0002cad0   0x0000002c   Dbug   RW  3595     .debug_pubnames     drv_l1_cdsp.o
    0x0002cafc   0x00000030   Dbug   RW  3598     .debug_pubnames     drv_l1_cdsp.o
    0x0002cb2c   0x0000002c   Dbug   RW  3601     .debug_pubnames     drv_l1_cdsp.o
    0x0002cb58   0x00000028   Dbug   RW  3604     .debug_pubnames     drv_l1_cdsp.o
    0x0002cb80   0x00000030   Dbug   RW  3607     .debug_pubnames     drv_l1_cdsp.o
    0x0002cbb0   0x00000028   Dbug   RW  3610     .debug_pubnames     drv_l1_cdsp.o
    0x0002cbd8   0x00000028   Dbug   RW  3613     .debug_pubnames     drv_l1_cdsp.o
    0x0002cc00   0x0000002c   Dbug   RW  3616     .debug_pubnames     drv_l1_cdsp.o
    0x0002cc2c   0x0000002c   Dbug   RW  3619     .debug_pubnames     drv_l1_cdsp.o
    0x0002cc58   0x0000002c   Dbug   RW  3622     .debug_pubnames     drv_l1_cdsp.o
    0x0002cc84   0x0000002c   Dbug   RW  3625     .debug_pubnames     drv_l1_cdsp.o
    0x0002ccb0   0x0000002c   Dbug   RW  3628     .debug_pubnames     drv_l1_cdsp.o
    0x0002ccdc   0x0000002c   Dbug   RW  3631     .debug_pubnames     drv_l1_cdsp.o
    0x0002cd08   0x00000028   Dbug   RW  3634     .debug_pubnames     drv_l1_cdsp.o
    0x0002cd30   0x0000002c   Dbug   RW  3637     .debug_pubnames     drv_l1_cdsp.o
    0x0002cd5c   0x00000028   Dbug   RW  3640     .debug_pubnames     drv_l1_cdsp.o
    0x0002cd84   0x00000028   Dbug   RW  3643     .debug_pubnames     drv_l1_cdsp.o
    0x0002cdac   0x0000002c   Dbug   RW  3646     .debug_pubnames     drv_l1_cdsp.o
    0x0002cdd8   0x00000030   Dbug   RW  3649     .debug_pubnames     drv_l1_cdsp.o
    0x0002ce08   0x00000030   Dbug   RW  3652     .debug_pubnames     drv_l1_cdsp.o
    0x0002ce38   0x00000028   Dbug   RW  3655     .debug_pubnames     drv_l1_cdsp.o
    0x0002ce60   0x0000002c   Dbug   RW  3658     .debug_pubnames     drv_l1_cdsp.o
    0x0002ce8c   0x00000028   Dbug   RW  3661     .debug_pubnames     drv_l1_cdsp.o
    0x0002ceb4   0x00000028   Dbug   RW  3664     .debug_pubnames     drv_l1_cdsp.o
    0x0002cedc   0x0000002c   Dbug   RW  3667     .debug_pubnames     drv_l1_cdsp.o
    0x0002cf08   0x0000002c   Dbug   RW  3670     .debug_pubnames     drv_l1_cdsp.o
    0x0002cf34   0x00000028   Dbug   RW  3673     .debug_pubnames     drv_l1_cdsp.o
    0x0002cf5c   0x00000028   Dbug   RW  3676     .debug_pubnames     drv_l1_cdsp.o
    0x0002cf84   0x0000002c   Dbug   RW  3679     .debug_pubnames     drv_l1_cdsp.o
    0x0002cfb0   0x0000002c   Dbug   RW  3682     .debug_pubnames     drv_l1_cdsp.o
    0x0002cfdc   0x00000024   Dbug   RW  3685     .debug_pubnames     drv_l1_cdsp.o
    0x0002d000   0x0000002c   Dbug   RW  3688     .debug_pubnames     drv_l1_cdsp.o
    0x0002d02c   0x0000002c   Dbug   RW  3691     .debug_pubnames     drv_l1_cdsp.o
    0x0002d058   0x00000028   Dbug   RW  3694     .debug_pubnames     drv_l1_cdsp.o
    0x0002d080   0x00000028   Dbug   RW  3697     .debug_pubnames     drv_l1_cdsp.o
    0x0002d0a8   0x00000020   Dbug   RW  3700     .debug_pubnames     drv_l1_cdsp.o
    0x0002d0c8   0x00000020   Dbug   RW  3703     .debug_pubnames     drv_l1_cdsp.o
    0x0002d0e8   0x00000020   Dbug   RW  3706     .debug_pubnames     drv_l1_cdsp.o
    0x0002d108   0x00000020   Dbug   RW  3709     .debug_pubnames     drv_l1_cdsp.o
    0x0002d128   0x00000034   Dbug   RW  3712     .debug_pubnames     drv_l1_cdsp.o
    0x0002d15c   0x00000024   Dbug   RW  3715     .debug_pubnames     drv_l1_cdsp.o
    0x0002d180   0x00000024   Dbug   RW  3718     .debug_pubnames     drv_l1_cdsp.o
    0x0002d1a4   0x00000024   Dbug   RW  3721     .debug_pubnames     drv_l1_cdsp.o
    0x0002d1c8   0x00000030   Dbug   RW  3724     .debug_pubnames     drv_l1_cdsp.o
    0x0002d1f8   0x0000002c   Dbug   RW  3727     .debug_pubnames     drv_l1_cdsp.o
    0x0002d224   0x0000002c   Dbug   RW  3730     .debug_pubnames     drv_l1_cdsp.o
    0x0002d250   0x0000002c   Dbug   RW  3733     .debug_pubnames     drv_l1_cdsp.o
    0x0002d27c   0x0000002c   Dbug   RW  3736     .debug_pubnames     drv_l1_cdsp.o
    0x0002d2a8   0x00000028   Dbug   RW  3739     .debug_pubnames     drv_l1_cdsp.o
    0x0002d2d0   0x00000028   Dbug   RW  3742     .debug_pubnames     drv_l1_cdsp.o
    0x0002d2f8   0x0000002c   Dbug   RW  3745     .debug_pubnames     drv_l1_cdsp.o
    0x0002d324   0x0000002c   Dbug   RW  3748     .debug_pubnames     drv_l1_cdsp.o
    0x0002d350   0x0000002c   Dbug   RW  3751     .debug_pubnames     drv_l1_cdsp.o
    0x0002d37c   0x0000002c   Dbug   RW  3754     .debug_pubnames     drv_l1_cdsp.o
    0x0002d3a8   0x0000002c   Dbug   RW  3757     .debug_pubnames     drv_l1_cdsp.o
    0x0002d3d4   0x00000028   Dbug   RW  3760     .debug_pubnames     drv_l1_cdsp.o
    0x0002d3fc   0x0000002c   Dbug   RW  3763     .debug_pubnames     drv_l1_cdsp.o
    0x0002d428   0x00000030   Dbug   RW  3766     .debug_pubnames     drv_l1_cdsp.o
    0x0002d458   0x00000028   Dbug   RW  3769     .debug_pubnames     drv_l1_cdsp.o
    0x0002d480   0x0000002c   Dbug   RW  3772     .debug_pubnames     drv_l1_cdsp.o
    0x0002d4ac   0x0000002c   Dbug   RW  3775     .debug_pubnames     drv_l1_cdsp.o
    0x0002d4d8   0x0000002c   Dbug   RW  3778     .debug_pubnames     drv_l1_cdsp.o
    0x0002d504   0x0000002c   Dbug   RW  3781     .debug_pubnames     drv_l1_cdsp.o
    0x0002d530   0x00000028   Dbug   RW  3784     .debug_pubnames     drv_l1_cdsp.o
    0x0002d558   0x0000002c   Dbug   RW  3787     .debug_pubnames     drv_l1_cdsp.o
    0x0002d584   0x0000002c   Dbug   RW  3790     .debug_pubnames     drv_l1_cdsp.o
    0x0002d5b0   0x00000030   Dbug   RW  3793     .debug_pubnames     drv_l1_cdsp.o
    0x0002d5e0   0x00000030   Dbug   RW  3796     .debug_pubnames     drv_l1_cdsp.o
    0x0002d610   0x0000002c   Dbug   RW  3799     .debug_pubnames     drv_l1_cdsp.o
    0x0002d63c   0x00000030   Dbug   RW  3802     .debug_pubnames     drv_l1_cdsp.o
    0x0002d66c   0x0000002c   Dbug   RW  3805     .debug_pubnames     drv_l1_cdsp.o
    0x0002d698   0x0000002c   Dbug   RW  3808     .debug_pubnames     drv_l1_cdsp.o
    0x0002d6c4   0x00000030   Dbug   RW  3811     .debug_pubnames     drv_l1_cdsp.o
    0x0002d6f4   0x0000002c   Dbug   RW  3814     .debug_pubnames     drv_l1_cdsp.o
    0x0002d720   0x0000002c   Dbug   RW  3817     .debug_pubnames     drv_l1_cdsp.o
    0x0002d74c   0x0000002c   Dbug   RW  3820     .debug_pubnames     drv_l1_cdsp.o
    0x0002d778   0x00000030   Dbug   RW  3823     .debug_pubnames     drv_l1_cdsp.o
    0x0002d7a8   0x00000034   Dbug   RW  3826     .debug_pubnames     drv_l1_cdsp.o
    0x0002d7dc   0x00000030   Dbug   RW  3829     .debug_pubnames     drv_l1_cdsp.o
    0x0002d80c   0x0000002c   Dbug   RW  3832     .debug_pubnames     drv_l1_cdsp.o
    0x0002d838   0x00000030   Dbug   RW  3835     .debug_pubnames     drv_l1_cdsp.o
    0x0002d868   0x0000002c   Dbug   RW  3838     .debug_pubnames     drv_l1_cdsp.o
    0x0002d894   0x0000002c   Dbug   RW  3841     .debug_pubnames     drv_l1_cdsp.o
    0x0002d8c0   0x0000002c   Dbug   RW  3844     .debug_pubnames     drv_l1_cdsp.o
    0x0002d8ec   0x00000030   Dbug   RW  3847     .debug_pubnames     drv_l1_cdsp.o
    0x0002d91c   0x0000002c   Dbug   RW  3850     .debug_pubnames     drv_l1_cdsp.o
    0x0002d948   0x00000028   Dbug   RW  3853     .debug_pubnames     drv_l1_cdsp.o
    0x0002d970   0x00000028   Dbug   RW  3856     .debug_pubnames     drv_l1_cdsp.o
    0x0002d998   0x00000028   Dbug   RW  3859     .debug_pubnames     drv_l1_cdsp.o
    0x0002d9c0   0x00000028   Dbug   RW  3862     .debug_pubnames     drv_l1_cdsp.o
    0x0002d9e8   0x0000002c   Dbug   RW  3865     .debug_pubnames     drv_l1_cdsp.o
    0x0002da14   0x00000034   Dbug   RW  3868     .debug_pubnames     drv_l1_cdsp.o
    0x0002da48   0x00000028   Dbug   RW  3871     .debug_pubnames     drv_l1_cdsp.o
    0x0002da70   0x0000002c   Dbug   RW  3874     .debug_pubnames     drv_l1_cdsp.o
    0x0002da9c   0x0000002c   Dbug   RW  3877     .debug_pubnames     drv_l1_cdsp.o
    0x0002dac8   0x00000030   Dbug   RW  3880     .debug_pubnames     drv_l1_cdsp.o
    0x0002daf8   0x00000034   Dbug   RW  3883     .debug_pubnames     drv_l1_cdsp.o
    0x0002db2c   0x00000030   Dbug   RW  3886     .debug_pubnames     drv_l1_cdsp.o
    0x0002db5c   0x00000030   Dbug   RW  3889     .debug_pubnames     drv_l1_cdsp.o
    0x0002db8c   0x00000028   Dbug   RW  3892     .debug_pubnames     drv_l1_cdsp.o
    0x0002dbb4   0x0000002c   Dbug   RW  3895     .debug_pubnames     drv_l1_cdsp.o
    0x0002dbe0   0x0000002c   Dbug   RW  3898     .debug_pubnames     drv_l1_cdsp.o
    0x0002dc0c   0x00000030   Dbug   RW  3901     .debug_pubnames     drv_l1_cdsp.o
    0x0002dc3c   0x00000030   Dbug   RW  3904     .debug_pubnames     drv_l1_cdsp.o
    0x0002dc6c   0x0000002c   Dbug   RW  3907     .debug_pubnames     drv_l1_cdsp.o
    0x0002dc98   0x0000002c   Dbug   RW  3910     .debug_pubnames     drv_l1_cdsp.o
    0x0002dcc4   0x0000002c   Dbug   RW  3913     .debug_pubnames     drv_l1_cdsp.o
    0x0002dcf0   0x00000028   Dbug   RW  3916     .debug_pubnames     drv_l1_cdsp.o
    0x0002dd18   0x00000030   Dbug   RW  3919     .debug_pubnames     drv_l1_cdsp.o
    0x0002dd48   0x0000002c   Dbug   RW  3922     .debug_pubnames     drv_l1_cdsp.o
    0x0002dd74   0x0000002c   Dbug   RW  3925     .debug_pubnames     drv_l1_cdsp.o
    0x0002dda0   0x0000002c   Dbug   RW  3928     .debug_pubnames     drv_l1_cdsp.o
    0x0002ddcc   0x00000028   Dbug   RW  3931     .debug_pubnames     drv_l1_cdsp.o
    0x0002ddf4   0x00000028   Dbug   RW  3934     .debug_pubnames     drv_l1_cdsp.o
    0x0002de1c   0x00000028   Dbug   RW  3937     .debug_pubnames     drv_l1_cdsp.o
    0x0002de44   0x00000028   Dbug   RW  3940     .debug_pubnames     drv_l1_cdsp.o
    0x0002de6c   0x00000028   Dbug   RW  3943     .debug_pubnames     drv_l1_cdsp.o
    0x0002de94   0x00000028   Dbug   RW  3946     .debug_pubnames     drv_l1_cdsp.o
    0x0002debc   0x00000024   Dbug   RW  3949     .debug_pubnames     drv_l1_cdsp.o
    0x0002dee0   0x00000028   Dbug   RW  3952     .debug_pubnames     drv_l1_cdsp.o
    0x0002df08   0x00000028   Dbug   RW  3955     .debug_pubnames     drv_l1_cdsp.o
    0x0002df30   0x0000002c   Dbug   RW  3958     .debug_pubnames     drv_l1_cdsp.o
    0x0002df5c   0x0000002c   Dbug   RW  3961     .debug_pubnames     drv_l1_cdsp.o
    0x0002df88   0x0000002c   Dbug   RW  3964     .debug_pubnames     drv_l1_cdsp.o
    0x0002dfb4   0x00000028   Dbug   RW  3967     .debug_pubnames     drv_l1_cdsp.o
    0x0002dfdc   0x00000028   Dbug   RW  3970     .debug_pubnames     drv_l1_cdsp.o
    0x0002e004   0x00000028   Dbug   RW  3973     .debug_pubnames     drv_l1_cdsp.o
    0x0002e02c   0x00000030   Dbug   RW  3976     .debug_pubnames     drv_l1_cdsp.o
    0x0002e05c   0x0000002c   Dbug   RW  3979     .debug_pubnames     drv_l1_cdsp.o
    0x0002e088   0x00000028   Dbug   RW  3982     .debug_pubnames     drv_l1_cdsp.o
    0x0002e0b0   0x0000002c   Dbug   RW  3985     .debug_pubnames     drv_l1_cdsp.o
    0x0002e0dc   0x00000028   Dbug   RW  3988     .debug_pubnames     drv_l1_cdsp.o
    0x0002e104   0x0000002c   Dbug   RW  3991     .debug_pubnames     drv_l1_cdsp.o
    0x0002e130   0x00000028   Dbug   RW  3994     .debug_pubnames     drv_l1_cdsp.o
    0x0002e158   0x00000028   Dbug   RW  3997     .debug_pubnames     drv_l1_cdsp.o
    0x0002e180   0x00000030   Dbug   RW  4000     .debug_pubnames     drv_l1_cdsp.o
    0x0002e1b0   0x0000002c   Dbug   RW  4003     .debug_pubnames     drv_l1_cdsp.o
    0x0002e1dc   0x00000028   Dbug   RW  4006     .debug_pubnames     drv_l1_cdsp.o
    0x0002e204   0x00000028   Dbug   RW  4009     .debug_pubnames     drv_l1_cdsp.o
    0x0002e22c   0x0000002c   Dbug   RW  4012     .debug_pubnames     drv_l1_cdsp.o
    0x0002e258   0x0000002c   Dbug   RW  4015     .debug_pubnames     drv_l1_cdsp.o
    0x0002e284   0x0000002c   Dbug   RW  4018     .debug_pubnames     drv_l1_cdsp.o
    0x0002e2b0   0x0000002c   Dbug   RW  4021     .debug_pubnames     drv_l1_cdsp.o
    0x0002e2dc   0x00000028   Dbug   RW  4024     .debug_pubnames     drv_l1_cdsp.o
    0x0002e304   0x0000002c   Dbug   RW  4027     .debug_pubnames     drv_l1_cdsp.o
    0x0002e330   0x0000002c   Dbug   RW  4030     .debug_pubnames     drv_l1_cdsp.o
    0x0002e35c   0x00000030   Dbug   RW  4033     .debug_pubnames     drv_l1_cdsp.o
    0x0002e38c   0x0000002c   Dbug   RW  4036     .debug_pubnames     drv_l1_cdsp.o
    0x0002e3b8   0x00000028   Dbug   RW  4039     .debug_pubnames     drv_l1_cdsp.o
    0x0002e3e0   0x00000024   Dbug   RW  4042     .debug_pubnames     drv_l1_cdsp.o
    0x0002e404   0x00000034   Dbug   RW  4045     .debug_pubnames     drv_l1_cdsp.o
    0x0002e438   0x0000002c   Dbug   RW  4048     .debug_pubnames     drv_l1_cdsp.o
    0x0002e464   0x00000030   Dbug   RW  4051     .debug_pubnames     drv_l1_cdsp.o
    0x0002e494   0x0000002c   Dbug   RW  4054     .debug_pubnames     drv_l1_cdsp.o
    0x0002e4c0   0x0000002c   Dbug   RW  4057     .debug_pubnames     drv_l1_cdsp.o
    0x0002e4ec   0x0000002c   Dbug   RW  4060     .debug_pubnames     drv_l1_cdsp.o
    0x0002e518   0x0000002c   Dbug   RW  4063     .debug_pubnames     drv_l1_cdsp.o
    0x0002e544   0x0000002c   Dbug   RW  4066     .debug_pubnames     drv_l1_cdsp.o
    0x0002e570   0x0000002c   Dbug   RW  4069     .debug_pubnames     drv_l1_cdsp.o
    0x0002e59c   0x0000002c   Dbug   RW  4072     .debug_pubnames     drv_l1_cdsp.o
    0x0002e5c8   0x0000002c   Dbug   RW  4075     .debug_pubnames     drv_l1_cdsp.o
    0x0002e5f4   0x00000030   Dbug   RW  4078     .debug_pubnames     drv_l1_cdsp.o
    0x0002e624   0x00000030   Dbug   RW  4081     .debug_pubnames     drv_l1_cdsp.o
    0x0002e654   0x00000038   Dbug   RW  4084     .debug_pubnames     drv_l1_cdsp.o
    0x0002e68c   0x00000030   Dbug   RW  4087     .debug_pubnames     drv_l1_cdsp.o
    0x0002e6bc   0x0000002c   Dbug   RW  4090     .debug_pubnames     drv_l1_cdsp.o
    0x0002e6e8   0x0000002c   Dbug   RW  4093     .debug_pubnames     drv_l1_cdsp.o
    0x0002e714   0x00000030   Dbug   RW  4096     .debug_pubnames     drv_l1_cdsp.o
    0x0002e744   0x00000030   Dbug   RW  4099     .debug_pubnames     drv_l1_cdsp.o
    0x0002e774   0x00000030   Dbug   RW  4102     .debug_pubnames     drv_l1_cdsp.o
    0x0002e7a4   0x00000030   Dbug   RW  4105     .debug_pubnames     drv_l1_cdsp.o
    0x0002e7d4   0x0000002c   Dbug   RW  4108     .debug_pubnames     drv_l1_cdsp.o
    0x0002e800   0x00000030   Dbug   RW  4111     .debug_pubnames     drv_l1_cdsp.o
    0x0002e830   0x0000002c   Dbug   RW  4114     .debug_pubnames     drv_l1_cdsp.o
    0x0002e85c   0x00000020   Dbug   RW  4117     .debug_pubnames     drv_l1_cdsp.o
    0x0002e87c   0x00000028   Dbug   RW  4120     .debug_pubnames     drv_l1_cdsp.o
    0x0002e8a4   0x00000028   Dbug   RW  4123     .debug_pubnames     drv_l1_cdsp.o
    0x0002e8cc   0x000000f4   Dbug   RW  4126     .debug_pubnames     drv_l1_cdsp.o
    0x0002e9c0   0x000012fc   Dbug   RW  4130     .debug_pubnames     drv_l1_cdsp.o
    0x0002fcbc   0x00000024   Dbug   RW  4138     .debug_pubnames     drv_l1_front.o
    0x0002fce0   0x0000002c   Dbug   RW  4141     .debug_pubnames     drv_l1_front.o
    0x0002fd0c   0x0000002c   Dbug   RW  4144     .debug_pubnames     drv_l1_front.o
    0x0002fd38   0x0000002c   Dbug   RW  4147     .debug_pubnames     drv_l1_front.o
    0x0002fd64   0x00000030   Dbug   RW  4150     .debug_pubnames     drv_l1_front.o
    0x0002fd94   0x00000030   Dbug   RW  4153     .debug_pubnames     drv_l1_front.o
    0x0002fdc4   0x00000030   Dbug   RW  4156     .debug_pubnames     drv_l1_front.o
    0x0002fdf4   0x00000028   Dbug   RW  4159     .debug_pubnames     drv_l1_front.o
    0x0002fe1c   0x00000028   Dbug   RW  4162     .debug_pubnames     drv_l1_front.o
    0x0002fe44   0x0000002c   Dbug   RW  4165     .debug_pubnames     drv_l1_front.o
    0x0002fe70   0x00000028   Dbug   RW  4168     .debug_pubnames     drv_l1_front.o
    0x0002fe98   0x0000002c   Dbug   RW  4171     .debug_pubnames     drv_l1_front.o
    0x0002fec4   0x00000028   Dbug   RW  4174     .debug_pubnames     drv_l1_front.o
    0x0002feec   0x0000002c   Dbug   RW  4177     .debug_pubnames     drv_l1_front.o
    0x0002ff18   0x00000028   Dbug   RW  4180     .debug_pubnames     drv_l1_front.o
    0x0002ff40   0x00000028   Dbug   RW  4183     .debug_pubnames     drv_l1_front.o
    0x0002ff68   0x0000002c   Dbug   RW  4186     .debug_pubnames     drv_l1_front.o
    0x0002ff94   0x00000028   Dbug   RW  4189     .debug_pubnames     drv_l1_front.o
    0x0002ffbc   0x0000002c   Dbug   RW  4192     .debug_pubnames     drv_l1_front.o
    0x0002ffe8   0x0000002c   Dbug   RW  4195     .debug_pubnames     drv_l1_front.o
    0x00030014   0x00000030   Dbug   RW  4198     .debug_pubnames     drv_l1_front.o
    0x00030044   0x00000030   Dbug   RW  4201     .debug_pubnames     drv_l1_front.o
    0x00030074   0x0000002c   Dbug   RW  4204     .debug_pubnames     drv_l1_front.o
    0x000300a0   0x00000030   Dbug   RW  4207     .debug_pubnames     drv_l1_front.o
    0x000300d0   0x00000030   Dbug   RW  4210     .debug_pubnames     drv_l1_front.o
    0x00030100   0x00000294   Dbug   RW  4216     .debug_pubnames     drv_l1_front.o
    0x00030394   0x000001d0   Dbug   RW  4221     .debug_pubnames     drv_l1_front.o
    0x00030564   0x00000028   Dbug   RW  4228     .debug_pubnames     drv_l2_cdsp.o
    0x0003058c   0x0000002c   Dbug   RW  4231     .debug_pubnames     drv_l2_cdsp.o
    0x000305b8   0x0000002c   Dbug   RW  4234     .debug_pubnames     drv_l2_cdsp.o
    0x000305e4   0x00000028   Dbug   RW  4237     .debug_pubnames     drv_l2_cdsp.o
    0x0003060c   0x00000028   Dbug   RW  4240     .debug_pubnames     drv_l2_cdsp.o
    0x00030634   0x00000028   Dbug   RW  4243     .debug_pubnames     drv_l2_cdsp.o
    0x0003065c   0x0000002c   Dbug   RW  4246     .debug_pubnames     drv_l2_cdsp.o
    0x00030688   0x0000002c   Dbug   RW  4249     .debug_pubnames     drv_l2_cdsp.o
    0x000306b4   0x0000002c   Dbug   RW  4252     .debug_pubnames     drv_l2_cdsp.o
    0x000306e0   0x00000028   Dbug   RW  4255     .debug_pubnames     drv_l2_cdsp.o
    0x00030708   0x0000002c   Dbug   RW  4258     .debug_pubnames     drv_l2_cdsp.o
    0x00030734   0x00000038   Dbug   RW  4261     .debug_pubnames     drv_l2_cdsp.o
    0x0003076c   0x00000024   Dbug   RW  4264     .debug_pubnames     drv_l2_cdsp.o
    0x00030790   0x0000002c   Dbug   RW  4267     .debug_pubnames     drv_l2_cdsp.o
    0x000307bc   0x0000002c   Dbug   RW  4270     .debug_pubnames     drv_l2_cdsp.o
    0x000307e8   0x0000002c   Dbug   RW  4273     .debug_pubnames     drv_l2_cdsp.o
    0x00030814   0x00000024   Dbug   RW  4276     .debug_pubnames     drv_l2_cdsp.o
    0x00030838   0x00000028   Dbug   RW  4279     .debug_pubnames     drv_l2_cdsp.o
    0x00030860   0x0000002c   Dbug   RW  4282     .debug_pubnames     drv_l2_cdsp.o
    0x0003088c   0x00000028   Dbug   RW  4285     .debug_pubnames     drv_l2_cdsp.o
    0x000308b4   0x00000030   Dbug   RW  4288     .debug_pubnames     drv_l2_cdsp.o
    0x000308e4   0x00000024   Dbug   RW  4291     .debug_pubnames     drv_l2_cdsp.o
    0x00030908   0x00000030   Dbug   RW  4294     .debug_pubnames     drv_l2_cdsp.o
    0x00030938   0x00000248   Dbug   RW  4297     .debug_pubnames     drv_l2_cdsp.o
    0x00030b80   0x00000478   Dbug   RW  4301     .debug_pubnames     drv_l2_cdsp.o
    0x00030ff8   0x000001d0   Dbug   RW  4305     .debug_pubnames     drv_l2_cdsp.o
    0x000311c8   0x00000070   Dbug   RW  4318     .debug_pubnames     sensor_isp_table.o
    0x00031238   0x00000020   Dbug   RW  4331     .debug_pubnames     drv_l1_gsensor.o
    0x00031258   0x00000020   Dbug   RW  4334     .debug_pubnames     drv_l1_gsensor.o
    0x00031278   0x00000020   Dbug   RW  4337     .debug_pubnames     drv_l1_gsensor.o
    0x00031298   0x00000024   Dbug   RW  4340     .debug_pubnames     drv_l1_gsensor.o
    0x000312bc   0x00000028   Dbug   RW  4343     .debug_pubnames     drv_l1_gsensor.o
    0x000312e4   0x00000024   Dbug   RW  4346     .debug_pubnames     drv_l1_gsensor.o
    0x00031308   0x00000028   Dbug   RW  4349     .debug_pubnames     drv_l1_gsensor.o
    0x00031330   0x00000024   Dbug   RW  4352     .debug_pubnames     drv_l1_gsensor.o
    0x00031354   0x00000024   Dbug   RW  4355     .debug_pubnames     drv_l1_gsensor.o
    0x00031378   0x00000038   Dbug   RW  4358     .debug_pubnames     drv_l1_gsensor.o
    0x000313b0   0x00000038   Dbug   RW  4361     .debug_pubnames     drv_l1_gsensor.o
    0x000313e8   0x00000030   Dbug   RW  4364     .debug_pubnames     drv_l1_gsensor.o
    0x00031418   0x00000030   Dbug   RW  4367     .debug_pubnames     drv_l1_gsensor.o
    0x00031448   0x00000030   Dbug   RW  4370     .debug_pubnames     drv_l1_gsensor.o
    0x00031478   0x0000003c   Dbug   RW  4373     .debug_pubnames     drv_l1_gsensor.o
    0x000314b4   0x00000024   Dbug   RW  4376     .debug_pubnames     drv_l1_gsensor.o
    0x000314d8   0x00000030   Dbug   RW  4379     .debug_pubnames     drv_l1_gsensor.o
    0x00031508   0x0000002c   Dbug   RW  4382     .debug_pubnames     drv_l1_gsensor.o
    0x00031534   0x0000002c   Dbug   RW  4385     .debug_pubnames     drv_l1_gsensor.o
    0x00031560   0x00000038   Dbug   RW  4388     .debug_pubnames     drv_l1_gsensor.o
    0x00031598   0x00000274   Dbug   RW  4392     .debug_pubnames     drv_l1_gsensor.o
    0x0003180c   0x00000020   Dbug   RW  4409     .debug_pubnames     spi_flash_disk.o
    0x0003182c   0x00000034   Dbug   RW  4412     .debug_pubnames     spi_flash_disk.o
    0x00031860   0x0000007c   Dbug   RW  4419     .debug_pubnames     spi_flash_disk.o
    0x000318dc   0x0000001c   Dbug   RW  4423     .debug_pubnames     spi_flash_disk.o
    0x000318f8   0x0000001c   Dbug   RW  4427     .debug_pubnames     spi_flash_disk.o
    0x00031914   0x0000002c   Dbug   RW  4431     .debug_pubnames     spi_flash_disk.o
    0x00031940   0x00000068   Dbug   RW  4439     .debug_pubnames     spi_flash_disk.o
    0x000319a8   0x0000009c   Dbug   RW  4443     .debug_pubnames     spi_flash_disk.o
    0x00031a44   0x00000020   Dbug   RW  4447     .debug_pubnames     spi_flash_disk.o
    0x00031a64   0x00000030   Dbug   RW  4478     .debug_pubnames     drv_struct.o
    0x00031a94   0x00000030   Dbug   RW  4484     .debug_pubnames     fs_drv_manager.o
    0x00031ac4   0x00000034   Dbug   RW  4487     .debug_pubnames     fs_drv_manager.o
    0x00031af8   0x00000034   Dbug   RW  4490     .debug_pubnames     fs_drv_manager.o
    0x00031b2c   0x00000030   Dbug   RW  4493     .debug_pubnames     fs_drv_manager.o
    0x00031b5c   0x00000030   Dbug   RW  4496     .debug_pubnames     fs_drv_manager.o
    0x00031b8c   0x00000034   Dbug   RW  4499     .debug_pubnames     fs_drv_manager.o
    0x00031bc0   0x00000048   Dbug   RW  4502     .debug_pubnames     fs_drv_manager.o
    0x00031c08   0x000000cc   Dbug   RW  4506     .debug_pubnames     fs_drv_manager.o
    0x00031cd4   0x00000034   Dbug   RW  4514     .debug_pubnames     sd.o
    0x00031d08   0x0000002c   Dbug   RW  4517     .debug_pubnames     sd.o
    0x00031d34   0x0000002c   Dbug   RW  4520     .debug_pubnames     sd.o
    0x00031d60   0x00000024   Dbug   RW  4523     .debug_pubnames     sd.o
    0x00031d84   0x00000024   Dbug   RW  4526     .debug_pubnames     sd.o
    0x00031da8   0x00000024   Dbug   RW  4529     .debug_pubnames     sd.o
    0x00031dcc   0x00000024   Dbug   RW  4532     .debug_pubnames     sd.o
    0x00031df0   0x00000028   Dbug   RW  4535     .debug_pubnames     sd.o
    0x00031e18   0x00000020   Dbug   RW  4538     .debug_pubnames     sd.o
    0x00031e38   0x00000024   Dbug   RW  4541     .debug_pubnames     sd.o
    0x00031e5c   0x00000028   Dbug   RW  4544     .debug_pubnames     sd.o
    0x00031e84   0x00000024   Dbug   RW  4547     .debug_pubnames     sd.o
    0x00031ea8   0x000000d8   Dbug   RW  4550     .debug_pubnames     sd.o
    0x00031f80   0x00000150   Dbug   RW  4554     .debug_pubnames     sd.o
    0x000320d0   0x00000024   Dbug   RW  4580     .debug_pubnames     fs_os.o
    0x000320f4   0x00000024   Dbug   RW  4583     .debug_pubnames     fs_os.o
    0x00032118   0x00000024   Dbug   RW  4586     .debug_pubnames     fs_os.o
    0x0003213c   0x00000024   Dbug   RW  4589     .debug_pubnames     fs_os.o
    0x00032160   0x0000002c   Dbug   RW  4592     .debug_pubnames     fs_os.o
    0x0003218c   0x0000002c   Dbug   RW  4595     .debug_pubnames     fs_os.o
    0x000321b8   0x00000024   Dbug   RW  4598     .debug_pubnames     fs_os.o
    0x000321dc   0x00000024   Dbug   RW  4601     .debug_pubnames     fs_os.o
    0x00032200   0x000000a8   Dbug   RW  4607     .debug_pubnames     fs_os.o
    0x000322a8   0x00000344   Dbug   RW  4611     .debug_pubnames     fs_os.o
    0x000325ec   0x00000110   Dbug   RW  4632     .debug_pubnames     fsglobalvar.o
    0x000326fc   0x00000344   Dbug   RW  4635     .debug_pubnames     fsglobalvar.o
    0x00032a40   0x00000020   Dbug   RW  4639     .debug_pubnames     swap_byte.o
    0x00032a60   0x00000020   Dbug   RW  4642     .debug_pubnames     swap_byte.o
    0x00032a80   0x00000020   Dbug   RW  4645     .debug_pubnames     swap_byte.o
    0x00032aa0   0x00000020   Dbug   RW  4648     .debug_pubnames     swap_byte.o
    0x00032ac0   0x00000028   Dbug   RW  4651     .debug_pubnames     swap_byte.o
    0x00032ae8   0x00000058   Dbug   RW  4657     .debug_pubnames     swap_byte.o
    0x00032b40   0x0000002c   Dbug   RW  4670     .debug_pubnames     sensor_gc1004.o
    0x00032b6c   0x00000034   Dbug   RW  4673     .debug_pubnames     sensor_gc1004.o
    0x00032ba0   0x00000030   Dbug   RW  4676     .debug_pubnames     sensor_gc1004.o
    0x00032bd0   0x00000030   Dbug   RW  4679     .debug_pubnames     sensor_gc1004.o
    0x00032c00   0x00000030   Dbug   RW  4682     .debug_pubnames     sensor_gc1004.o
    0x00032c30   0x0000002c   Dbug   RW  4685     .debug_pubnames     sensor_gc1004.o
    0x00032c5c   0x00000030   Dbug   RW  4688     .debug_pubnames     sensor_gc1004.o
    0x00032c8c   0x00000028   Dbug   RW  4691     .debug_pubnames     sensor_gc1004.o
    0x00032cb4   0x00000030   Dbug   RW  4694     .debug_pubnames     sensor_gc1004.o
    0x00032ce4   0x00000030   Dbug   RW  4697     .debug_pubnames     sensor_gc1004.o
    0x00032d14   0x00000024   Dbug   RW  4700     .debug_pubnames     sensor_gc1004.o
    0x00032d38   0x000000ac   Dbug   RW  4703     .debug_pubnames     sensor_gc1004.o
    0x00032de4   0x0000019c   Dbug   RW  4707     .debug_pubnames     sensor_gc1004.o
    0x00032f80   0x000001f8   Dbug   RW  4712     .debug_pubnames     sensor_gc1004.o
    0x00033178   0x00000024   Dbug   RW  4718     .debug_pubnames     drv_l1_ext_mode.o
    0x0003319c   0x00000030   Dbug   RW  4721     .debug_pubnames     drv_l1_ext_mode.o
    0x000331cc   0x00000028   Dbug   RW  4724     .debug_pubnames     drv_l1_ext_mode.o
    0x000331f4   0x00000028   Dbug   RW  4727     .debug_pubnames     drv_l1_ext_mode.o
    0x0003321c   0x00000028   Dbug   RW  4730     .debug_pubnames     drv_l1_ext_mode.o
    0x00033244   0x0000007c   Dbug   RW  4734     .debug_pubnames     drv_l1_ext_mode.o
    0x000332c0   0x00001314   Dbug   RW  4738     .debug_pubnames     drv_l1_ext_mode.o
    0x000345d4   0x00000030   Dbug   RW  4744     .debug_pubnames     drv_l2_sd.o
    0x00034604   0x00000030   Dbug   RW  4747     .debug_pubnames     drv_l2_sd.o
    0x00034634   0x00000030   Dbug   RW  4750     .debug_pubnames     drv_l2_sd.o
    0x00034664   0x00000030   Dbug   RW  4753     .debug_pubnames     drv_l2_sd.o
    0x00034694   0x00000030   Dbug   RW  4756     .debug_pubnames     drv_l2_sd.o
    0x000346c4   0x00000034   Dbug   RW  4759     .debug_pubnames     drv_l2_sd.o
    0x000346f8   0x00000034   Dbug   RW  4762     .debug_pubnames     drv_l2_sd.o
    0x0003472c   0x00000034   Dbug   RW  4765     .debug_pubnames     drv_l2_sd.o
    0x00034760   0x00000038   Dbug   RW  4768     .debug_pubnames     drv_l2_sd.o
    0x00034798   0x0000002c   Dbug   RW  4771     .debug_pubnames     drv_l2_sd.o
    0x000347c4   0x0000002c   Dbug   RW  4774     .debug_pubnames     drv_l2_sd.o
    0x000347f0   0x0000002c   Dbug   RW  4777     .debug_pubnames     drv_l2_sd.o
    0x0003481c   0x0000002c   Dbug   RW  4780     .debug_pubnames     drv_l2_sd.o
    0x00034848   0x0000002c   Dbug   RW  4783     .debug_pubnames     drv_l2_sd.o
    0x00034874   0x0000002c   Dbug   RW  4786     .debug_pubnames     drv_l2_sd.o
    0x000348a0   0x0000002c   Dbug   RW  4789     .debug_pubnames     drv_l2_sd.o
    0x000348cc   0x00000030   Dbug   RW  4792     .debug_pubnames     drv_l2_sd.o
    0x000348fc   0x00000128   Dbug   RW  4795     .debug_pubnames     drv_l2_sd.o
    0x00034a24   0x0000027c   Dbug   RW  4799     .debug_pubnames     drv_l2_sd.o
    0x00034ca0   0x00000028   Dbug   RW  4824     .debug_pubnames     video_codec_dynamic_jpeg_Q.o
    0x00034cc8   0x00000038   Dbug   RW  4834     .debug_pubnames     ap_jh_message.o
    0x00034d00   0x00000034   Dbug   RW  4837     .debug_pubnames     ap_jh_message.o
    0x00034d34   0x00000030   Dbug   RW  4840     .debug_pubnames     ap_jh_message.o
    0x00034d64   0x00000078   Dbug   RW  4843     .debug_pubnames     ap_jh_message.o
    0x00034ddc   0x00000044   Dbug   RW  4847     .debug_pubnames     ap_jh_message.o


================================================================================

Image component sizes


      Code    RO Data    RW Data    ZI Data      Debug   

    136424       8351       4058      41090    1235696   Object Totals
    151096       6111        809      27397      39284   Library Totals

================================================================================


      Code    RO Data    RW Data    ZI Data      Debug   

    287520      14462       4867      68487    1274980   Grand Totals

================================================================================

    Total RO  Size(Code + RO Data)               301982 ( 294.90kB)
    Total RW  Size(RW Data + ZI Data)             73354 (  71.63kB)
    Total ROM Size(Code + RO Data + RW Data)     306849 ( 299.66kB)

================================================================================

